
Optional file libmchp_peripheral.a not found

Optional file libmchp_peripheral_32MX250F128B.a not found
Archive member included because of file (symbol)

/Applications/microchip/xc32/v1.42/bin/bin/../../lib/gcc/pic32mx/4.8.3/libgcc.a(floatunsisf.o)
                              build/default/production/_ext/1360937237/ILI9163C.o (__floatunsisf)
/Applications/microchip/xc32/v1.42/bin/bin/../../lib/gcc/pic32mx/4.8.3/../../../../pic32mx/lib/libpic32.a(memcmp.o)
                              build/default/production/_ext/1360937237/app.o (memcmp)
/Applications/microchip/xc32/v1.42/bin/bin/../../lib/gcc/pic32mx/4.8.3/../../../../pic32mx/lib/libpic32.a(memcpy.o)
                              build/default/production/_ext/854522773/usb_device.o (memcpy)
/Applications/microchip/xc32/v1.42/bin/bin/../../lib/gcc/pic32mx/4.8.3/../../../../pic32mx/lib/libpic32.a(default-bootstrap-exception-handler.o)
                              /Applications/microchip/xc32/v1.42/bin/bin/../../lib/gcc/pic32mx/4.8.3/../../../../pic32mx/lib/./proc/32MX250F128B/crt0_mips32r2.o (_bootstrap_exception_handler)
/Applications/microchip/xc32/v1.42/bin/bin/../../lib/gcc/pic32mx/4.8.3/../../../../pic32mx/lib/libpic32.a(default-on-reset.o)
                              /Applications/microchip/xc32/v1.42/bin/bin/../../lib/gcc/pic32mx/4.8.3/../../../../pic32mx/lib/./proc/32MX250F128B/crt0_mips32r2.o (_on_reset)
/Applications/microchip/xc32/v1.42/bin/bin/../../lib/gcc/pic32mx/4.8.3/../../../../pic32mx/lib/libpic32.a(default-on-bootstrap.o)
                              /Applications/microchip/xc32/v1.42/bin/bin/../../lib/gcc/pic32mx/4.8.3/../../../../pic32mx/lib/./proc/32MX250F128B/crt0_mips32r2.o (_on_bootstrap)
/Applications/microchip/xc32/v1.42/bin/bin/../../lib/gcc/pic32mx/4.8.3/../../../../pic32mx/lib/libpic32.a(default-nmi-handler.o)
                              /Applications/microchip/xc32/v1.42/bin/bin/../../lib/gcc/pic32mx/4.8.3/../../../../pic32mx/lib/./proc/32MX250F128B/crt0_mips32r2.o (_nmi_handler)
/Applications/microchip/xc32/v1.42/bin/bin/../../lib/gcc/pic32mx/4.8.3/../../../../pic32mx/lib/libpic32.a(general-exception.o)
                              /Applications/microchip/xc32/v1.42/bin/bin/../../lib/gcc/pic32mx/4.8.3/../../../../pic32mx/lib/./proc/32MX250F128B/crt0_mips32r2.o (_general_exception_context)
/Applications/microchip/xc32/v1.42/bin/bin/../../lib/gcc/pic32mx/4.8.3/../../../../pic32mx/lib/libpic32.a(vector0.o)
                              /Applications/microchip/xc32/v1.42/bin/bin/../../lib/gcc/pic32mx/4.8.3/../../../../pic32mx/lib/./proc/32MX250F128B/default_isr_vectors.o (__vector_dispatch_0)
/Applications/microchip/xc32/v1.42/bin/bin/../../lib/gcc/pic32mx/4.8.3/../../../../pic32mx/lib/libpic32.a(vector1.o)
                              /Applications/microchip/xc32/v1.42/bin/bin/../../lib/gcc/pic32mx/4.8.3/../../../../pic32mx/lib/./proc/32MX250F128B/default_isr_vectors.o (__vector_dispatch_1)
/Applications/microchip/xc32/v1.42/bin/bin/../../lib/gcc/pic32mx/4.8.3/../../../../pic32mx/lib/libpic32.a(vector2.o)
                              /Applications/microchip/xc32/v1.42/bin/bin/../../lib/gcc/pic32mx/4.8.3/../../../../pic32mx/lib/./proc/32MX250F128B/default_isr_vectors.o (__vector_dispatch_2)
/Applications/microchip/xc32/v1.42/bin/bin/../../lib/gcc/pic32mx/4.8.3/../../../../pic32mx/lib/libpic32.a(vector3.o)
                              /Applications/microchip/xc32/v1.42/bin/bin/../../lib/gcc/pic32mx/4.8.3/../../../../pic32mx/lib/./proc/32MX250F128B/default_isr_vectors.o (__vector_dispatch_3)
/Applications/microchip/xc32/v1.42/bin/bin/../../lib/gcc/pic32mx/4.8.3/../../../../pic32mx/lib/libpic32.a(vector4.o)
                              /Applications/microchip/xc32/v1.42/bin/bin/../../lib/gcc/pic32mx/4.8.3/../../../../pic32mx/lib/./proc/32MX250F128B/default_isr_vectors.o (__vector_dispatch_4)
/Applications/microchip/xc32/v1.42/bin/bin/../../lib/gcc/pic32mx/4.8.3/../../../../pic32mx/lib/libpic32.a(vector5.o)
                              /Applications/microchip/xc32/v1.42/bin/bin/../../lib/gcc/pic32mx/4.8.3/../../../../pic32mx/lib/./proc/32MX250F128B/default_isr_vectors.o (__vector_dispatch_5)
/Applications/microchip/xc32/v1.42/bin/bin/../../lib/gcc/pic32mx/4.8.3/../../../../pic32mx/lib/libpic32.a(vector6.o)
                              /Applications/microchip/xc32/v1.42/bin/bin/../../lib/gcc/pic32mx/4.8.3/../../../../pic32mx/lib/./proc/32MX250F128B/default_isr_vectors.o (__vector_dispatch_6)
/Applications/microchip/xc32/v1.42/bin/bin/../../lib/gcc/pic32mx/4.8.3/../../../../pic32mx/lib/libpic32.a(vector7.o)
                              /Applications/microchip/xc32/v1.42/bin/bin/../../lib/gcc/pic32mx/4.8.3/../../../../pic32mx/lib/./proc/32MX250F128B/default_isr_vectors.o (__vector_dispatch_7)
/Applications/microchip/xc32/v1.42/bin/bin/../../lib/gcc/pic32mx/4.8.3/../../../../pic32mx/lib/libpic32.a(vector8.o)
[...]
Memory Configuration

Name             Origin             Length             Attributes
kseg0_program_mem 0x9d000000         0x0001f000         xr
exception_mem    0x9d01f000         0x00001000
debug_exec_mem   0x9fc00490         0x00000760
kseg0_boot_mem   0x9fc00490         0x00000000
kseg1_boot_mem   0xbfc00000         0x00000490
config3          0xbfc00bf0         0x00000004
config2          0xbfc00bf4         0x00000004
config1          0xbfc00bf8         0x00000004
config0          0xbfc00bfc         0x00000004
kseg1_data_mem   0xa0000000         0x00008000         w !x
sfrs             0xbf800000         0x00100000
configsfrs       0xbfc00bf0         0x00000010
*default*        0x00000000         0xffffffff

Linker script and memory map

LOAD /Applications/microchip/xc32/v1.42/bin/bin/../../lib/gcc/pic32mx/4.8.3/../../../../pic32mx/lib/./proc/32MX250F128B/crt0_mips32r2.o
LOAD /Applications/microchip/xc32/v1.42/bin/bin/../../lib/gcc/pic32mx/4.8.3/../../../../pic32mx/lib/debug-exception-return.o
LOAD build/default/production/_ext/639803181/sys_clk_static.o
LOAD build/default/production/_ext/822048611/sys_ports_static.o
LOAD build/default/production/_ext/1688732426/system_init.o
LOAD build/default/production/_ext/1688732426/system_interrupt.o
LOAD build/default/production/_ext/1688732426/system_exceptions.o
LOAD build/default/production/_ext/1688732426/system_tasks.o
LOAD build/default/production/_ext/1360937237/app.o
LOAD build/default/production/_ext/1360937237/main.o
LOAD build/default/production/_ext/1360937237/mouse.o
LOAD build/default/production/_ext/1360937237/i2c_master_noint.o
LOAD build/default/production/_ext/1360937237/ILI9163C.o
LOAD build/default/production/_ext/516138024/drv_usbfs.o
LOAD build/default/production/_ext/516138024/drv_usbfs_device.o
LOAD build/default/production/_ext/88147854/sys_devcon.o
LOAD build/default/production/_ext/88147854/sys_devcon_pic32mx.o
LOAD build/default/production/_ext/938333736/sys_int_pic32.o
LOAD build/default/production/_ext/854522773/usb_device.o
LOAD build/default/production/_ext/854522773/usb_device_hid.o
LOAD ../../../../../../../microchip/harmony/v1_10/bin/framework/peripheral/PIC32MX250F128B_peripherals.a
                0x00000001                __MPLAB_BUILD = 0x1
                0x00000000                _min_heap_size = 0x0
LOAD /Applications/microchip/xc32/v1.42/bin/bin/../../lib/gcc/pic32mx/4.8.3/../../../../pic32mx/lib/./proc/32MX250F128B/default_isr_vectors.o
LOAD /Applications/microchip/xc32/v1.42/bin/bin/../../lib/gcc/pic32mx/4.8.3/../../../../pic32mx/lib/pic32_software_reset.o
                0x00000400                PROVIDE (_min_stack_size, 0x400)
LOAD /Applications/microchip/xc32/v1.42/bin/bin/../../lib/gcc/pic32mx/4.8.3/../../../../pic32mx/lib/./proc/32MX250F128B/processor.o
START GROUP
LOAD libmchp_peripheral.a
END GROUP
START GROUP
LOAD libmchp_peripheral_32MX250F128B.a
END GROUP
                0x00000001                PROVIDE (_vector_spacing, 0x1)
                0x9d01f000                PROVIDE (_ebase_address, 0x9d01f000)
                0xbfc00000                _RESET_ADDR = 0xbfc00000
                0xbfc00380                _BEV_EXCPT_ADDR = 0xbfc00380
                0xbfc00480                _DBG_EXCPT_ADDR = 0xbfc00480
                0x9fc00490                _DBG_CODE_ADDR = 0x9fc00490
                0x00000760                _DBG_CODE_SIZE = 0x760
                0x9d01f180                _GEN_EXCPT_ADDR = (_ebase_address + 0x180)

.config_BFC00BF0
                0xbfc00bf0        0x4
 *(.config_BFC00BF0)
 .config_BFC00BF0
                0xbfc00bf0        0x4 build/default/production/_ext/1688732426/system_init.o

.config_BFC00BF4
                0xbfc00bf4        0x4
 *(.config_BFC00BF4)
 .config_BFC00BF4
                0xbfc00bf4        0x4 build/default/production/_ext/1688732426/system_init.o

.config_BFC00BF8
                0xbfc00bf8        0x4
 *(.config_BFC00BF8)
 .config_BFC00BF8
                0xbfc00bf8        0x4 build/default/production/_ext/1688732426/system_init.o

.config_BFC00BFC
                0xbfc00bfc        0x4
 *(.config_BFC00BFC)
 .config_BFC00BFC
                0xbfc00bfc        0x4 build/default/production/_ext/1688732426/system_init.o
                0xbfc02000                PROVIDE (_DBG_CODE_ADDR, 0xbfc02000)
                0x00000ff0                PROVIDE (_DBG_CODE_SIZE, 0xff0)

.reset          0xbfc00000      0x1e4
 *(.reset)
 .reset         0xbfc00000        0x8 /Applications/microchip/xc32/v1.42/bin/bin/../../lib/gcc/pic32mx/4.8.3/../../../../pic32mx/lib/./proc/32MX250F128B/crt0_mips32r2.o
                0xbfc00000                _reset
 *(.reset.startup)
 .reset.startup
                0xbfc00008      0x1dc /Applications/microchip/xc32/v1.42/bin/bin/../../lib/gcc/pic32mx/4.8.3/../../../../pic32mx/lib/./proc/32MX250F128B/crt0_mips32r2.o

.bev_excpt      0xbfc00380       0x10
 *(.bev_handler)
 .bev_handler   0xbfc00380       0x10 /Applications/microchip/xc32/v1.42/bin/bin/../../lib/gcc/pic32mx/4.8.3/../../../../pic32mx/lib/./proc/32MX250F128B/crt0_mips32r2.o

.dbg_excpt      0xbfc00480        0x0
                0xbfc00480                . = (. + DEFINED (_DEBUGGER)?0x8:0x0)

.dbg_code       0x9fc00490        0x0
                0x9fc00490                . = (. + DEFINED (_DEBUGGER)?_DBG_CODE_SIZE:0x0)

.app_excpt      0x9d01f180       0x10
 *(.gen_handler)
 .gen_handler   0x9d01f180       0x10 /Applications/microchip/xc32/v1.42/bin/bin/../../lib/gcc/pic32mx/4.8.3/../../../../pic32mx/lib/./proc/32MX250F128B/crt0_mips32r2.o

.vector_0       0x9d01f200        0x8
 *(.vector_0)
 .vector_0      0x9d01f200        0x8 /Applications/microchip/xc32/v1.42/bin/bin/../../lib/gcc/pic32mx/4.8.3/../../../../pic32mx/lib/libpic32.a(vector0.o)
                0x9d01f200                __vector_dispatch_0
                0x00000001                ASSERT (((_vector_spacing == 0x0) || (SIZEOF (.vector_0) <= (_vector_spacing << 0x5))), function at exception vector 0 too large)

.vector_1       0x9d01f220        0x8
 *(.vector_1)
 .vector_1      0x9d01f220        0x8 /Applications/microchip/xc32/v1.42/bin/bin/../../lib/gcc/pic32mx/4.8.3/../../../../pic32mx/lib/libpic32.a(vector1.o)
                0x9d01f220                __vector_dispatch_1
                0x00000001                ASSERT (((_vector_spacing == 0x0) || (SIZEOF (.vector_1) <= (_vector_spacing << 0x5))), function at exception vector 1 too large)

.vector_2       0x9d01f240        0x8
 *(.vector_2)
 .vector_2      0x9d01f240        0x8 /Applications/microchip/xc32/v1.42/bin/bin/../../lib/gcc/pic32mx/4.8.3/../../../../pic32mx/lib/libpic32.a(vector2.o)
                0x9d01f240                __vector_dispatch_2
                0x00000001                ASSERT (((_vector_spacing == 0x0) || (SIZEOF (.vector_2) <= (_vector_spacing << 0x5))), function at exception vector 2 too large)

.vector_3       0x9d01f260        0x8
 *(.vector_3)
 .vector_3      0x9d01f260        0x8 /Applications/microchip/xc32/v1.42/bin/bin/../../lib/gcc/pic32mx/4.8.3/../../../../pic32mx/lib/libpic32.a(vector3.o)
                0x9d01f260                __vector_dispatch_3
                0x00000001                ASSERT (((_vector_spacing == 0x0) || (SIZEOF (.vector_3) <= (_vector_spacing << 0x5))), function at exception vector 3 too large)

.vector_4       0x9d01f280        0x8
 *(.vector_4)
 .vector_4      0x9d01f280        0x8 /Applications/microchip/xc32/v1.42/bin/bin/../../lib/gcc/pic32mx/4.8.3/../../../../pic32mx/lib/libpic32.a(vector4.o)
                0x9d01f280                __vector_dispatch_4
                0x00000001                ASSERT (((_vector_spacing == 0x0) || (SIZEOF (.vector_4) <= (_vector_spacing << 0x5))), function at exception vector 4 too large)

.vector_5       0x9d01f2a0        0x8
 *(.vector_5)
 .vector_5      0x9d01f2a0        0x8 /Applications/microchip/xc32/v1.42/bin/bin/../../lib/gcc/pic32mx/4.8.3/../../../../pic32mx/lib/libpic32.a(vector5.o)
                0x9d01f2a0                __vector_dispatch_5
                0x00000001                ASSERT (((_vector_spacing == 0x0) || (SIZEOF (.vector_5) <= (_vector_spacing << 0x5))), function at exception vector 5 too large)

.vector_6       0x9d01f2c0        0x8
 *(.vector_6)
 .vector_6      0x9d01f2c0        0x8 /Applications/microchip/xc32/v1.42/bin/bin/../../lib/gcc/pic32mx/4.8.3/../../../../pic32mx/lib/libpic32.a(vector6.o)
                0x9d01f2c0                __vector_dispatch_6
                0x00000001                ASSERT (((_vector_spacing == 0x0) || (SIZEOF (.vector_6) <= (_vector_spacing << 0x5))), function at exception vector 6 too large)

.vector_7       0x9d01f2e0        0x8
 *(.vector_7)
 .vector_7      0x9d01f2e0        0x8 /Applications/microchip/xc32/v1.42/bin/bin/../../lib/gcc/pic32mx/4.8.3/../../../../pic32mx/lib/libpic32.a(vector7.o)
                0x9d01f2e0                __vector_dispatch_7
                0x00000001                ASSERT (((_vector_spacing == 0x0) || (SIZEOF (.vector_7) <= (_vector_spacing << 0x5))), function at exception vector 7 too large)

.vector_8       0x9d01f300        0x8
 *(.vector_8)
 .vector_8      0x9d01f300        0x8 /Applications/microchip/xc32/v1.42/bin/bin/../../lib/gcc/pic32mx/4.8.3/../../../../pic32mx/lib/libpic32.a(vector8.o)
                0x9d01f300                __vector_dispatch_8
                0x00000001                ASSERT (((_vector_spacing == 0x0) || (SIZEOF (.vector_8) <= (_vector_spacing << 0x5))), function at exception vector 8 too large)

.vector_9       0x9d01f320        0x8
 *(.vector_9)
 .vector_9      0x9d01f320        0x8 /Applications/microchip/xc32/v1.42/bin/bin/../../lib/gcc/pic32mx/4.8.3/../../../../pic32mx/lib/libpic32.a(vector9.o)
                0x9d01f320                __vector_dispatch_9
                0x00000001                ASSERT (((_vector_spacing == 0x0) || (SIZEOF (.vector_9) <= (_vector_spacing << 0x5))), function at exception vector 9 too large)

.vector_10      0x9d01f340        0x8
 *(.vector_10)
 .vector_10     0x9d01f340        0x8 /Applications/microchip/xc32/v1.42/bin/bin/../../lib/gcc/pic32mx/4.8.3/../../../../pic32mx/lib/libpic32.a(vector10.o)
                0x9d01f340                __vector_dispatch_10
                0x00000001                ASSERT (((_vector_spacing == 0x0) || (SIZEOF (.vector_10) <= (_vector_spacing << 0x5))), function at exception vector 10 too large)

.vector_11      0x9d01f360        0x8
 *(.vector_11)
 .vector_11     0x9d01f360        0x8 /Applications/microchip/xc32/v1.42/bin/bin/../../lib/gcc/pic32mx/4.8.3/../../../../pic32mx/lib/libpic32.a(vector11.o)
                0x9d01f360                __vector_dispatch_11
                0x00000001                ASSERT (((_vector_spacing == 0x0) || (SIZEOF (.vector_11) <= (_vector_spacing << 0x5))), function at exception vector 11 too large)

.vector_12      0x9d01f380        0x8
 *(.vector_12)
 .vector_12     0x9d01f380        0x8 /Applications/microchip/xc32/v1.42/bin/bin/../../lib/gcc/pic32mx/4.8.3/../../../../pic32mx/lib/libpic32.a(vector12.o)
                0x9d01f380                __vector_dispatch_12
                0x00000001                ASSERT (((_vector_spacing == 0x0) || (SIZEOF (.vector_12) <= (_vector_spacing << 0x5))), function at exception vector 12 too large)

.vector_13      0x9d01f3a0        0x8
 *(.vector_13)
 .vector_13     0x9d01f3a0        0x8 /Applications/microchip/xc32/v1.42/bin/bin/../../lib/gcc/pic32mx/4.8.3/../../../../pic32mx/lib/libpic32.a(vector13.o)
                0x9d01f3a0                __vector_dispatch_13
                0x00000001                ASSERT (((_vector_spacing == 0x0) || (SIZEOF (.vector_13) <= (_vector_spacing << 0x5))), function at exception vector 13 too large)

.vector_14      0x9d01f3c0        0x8
 *(.vector_14)
 .vector_14     0x9d01f3c0        0x8 /Applications/microchip/xc32/v1.42/bin/bin/../../lib/gcc/pic32mx/4.8.3/../../../../pic32mx/lib/libpic32.a(vector14.o)
                0x9d01f3c0                __vector_dispatch_14
                0x00000001                ASSERT (((_vector_spacing == 0x0) || (SIZEOF (.vector_14) <= (_vector_spacing << 0x5))), function at exception vector 14 too large)

.vector_15      0x9d01f3e0        0x8
 *(.vector_15)
 .vector_15     0x9d01f3e0        0x8 /Applications/microchip/xc32/v1.42/bin/bin/../../lib/gcc/pic32mx/4.8.3/../../../../pic32mx/lib/libpic32.a(vector15.o)
                0x9d01f3e0                __vector_dispatch_15
                0x00000001                ASSERT (((_vector_spacing == 0x0) || (SIZEOF (.vector_15) <= (_vector_spacing << 0x5))), function at exception vector 15 too large)

.vector_16      0x9d01f400        0x8
 *(.vector_16)
 .vector_16     0x9d01f400        0x8 /Applications/microchip/xc32/v1.42/bin/bin/../../lib/gcc/pic32mx/4.8.3/../../../../pic32mx/lib/libpic32.a(vector16.o)
                0x9d01f400                __vector_dispatch_16
                0x00000001                ASSERT (((_vector_spacing == 0x0) || (SIZEOF (.vector_16) <= (_vector_spacing << 0x5))), function at exception vector 16 too large)

.vector_17      0x9d01f420        0x8
 *(.vector_17)
 .vector_17     0x9d01f420        0x8 /Applications/microchip/xc32/v1.42/bin/bin/../../lib/gcc/pic32mx/4.8.3/../../../../pic32mx/lib/libpic32.a(vector17.o)
                0x9d01f420                __vector_dispatch_17
                0x00000001                ASSERT (((_vector_spacing == 0x0) || (SIZEOF (.vector_17) <= (_vector_spacing << 0x5))), function at exception vector 17 too large)

.vector_18      0x9d01f440        0x8
 *(.vector_18)
 .vector_18     0x9d01f440        0x8 /Applications/microchip/xc32/v1.42/bin/bin/../../lib/gcc/pic32mx/4.8.3/../../../../pic32mx/lib/libpic32.a(vector18.o)
                0x9d01f440                __vector_dispatch_18
                0x00000001                ASSERT (((_vector_spacing == 0x0) || (SIZEOF (.vector_18) <= (_vector_spacing << 0x5))), function at exception vector 18 too large)

.vector_19      0x9d01f460        0x8
 *(.vector_19)
 .vector_19     0x9d01f460        0x8 /Applications/microchip/xc32/v1.42/bin/bin/../../lib/gcc/pic32mx/4.8.3/../../../../pic32mx/lib/libpic32.a(vector19.o)
                0x9d01f460                __vector_dispatch_19
                0x00000001                ASSERT (((_vector_spacing == 0x0) || (SIZEOF (.vector_19) <= (_vector_spacing << 0x5))), function at exception vector 19 too large)

.vector_20      0x9d01f480        0x8
 *(.vector_20)
 .vector_20     0x9d01f480        0x8 /Applications/microchip/xc32/v1.42/bin/bin/../../lib/gcc/pic32mx/4.8.3/../../../../pic32mx/lib/libpic32.a(vector20.o)
                0x9d01f480                __vector_dispatch_20
                0x00000001                ASSERT (((_vector_spacing == 0x0) || (SIZEOF (.vector_20) <= (_vector_spacing << 0x5))), function at exception vector 20 too large)

.vector_21      0x9d01f4a0        0x8
 *(.vector_21)
 .vector_21     0x9d01f4a0        0x8 /Applications/microchip/xc32/v1.42/bin/bin/../../lib/gcc/pic32mx/4.8.3/../../../../pic32mx/lib/libpic32.a(vector21.o)
                0x9d01f4a0                __vector_dispatch_21
                0x00000001                ASSERT (((_vector_spacing == 0x0) || (SIZEOF (.vector_21) <= (_vector_spacing << 0x5))), function at exception vector 21 too large)

.vector_22      0x9d01f4c0        0x8
 *(.vector_22)
 .vector_22     0x9d01f4c0        0x8 /Applications/microchip/xc32/v1.42/bin/bin/../../lib/gcc/pic32mx/4.8.3/../../../../pic32mx/lib/libpic32.a(vector22.o)
                0x9d01f4c0                __vector_dispatch_22
                0x00000001                ASSERT (((_vector_spacing == 0x0) || (SIZEOF (.vector_22) <= (_vector_spacing << 0x5))), function at exception vector 22 too large)

.vector_23      0x9d01f4e0        0x8
 *(.vector_23)
 .vector_23     0x9d01f4e0        0x8 /Applications/microchip/xc32/v1.42/bin/bin/../../lib/gcc/pic32mx/4.8.3/../../../../pic32mx/lib/libpic32.a(vector23.o)
                0x9d01f4e0                __vector_dispatch_23
                0x00000001                ASSERT (((_vector_spacing == 0x0) || (SIZEOF (.vector_23) <= (_vector_spacing << 0x5))), function at exception vector 23 too large)

.vector_24      0x9d01f500        0x8
 *(.vector_24)
 .vector_24     0x9d01f500        0x8 /Applications/microchip/xc32/v1.42/bin/bin/../../lib/gcc/pic32mx/4.8.3/../../../../pic32mx/lib/libpic32.a(vector24.o)
                0x9d01f500                __vector_dispatch_24
                0x00000001                ASSERT (((_vector_spacing == 0x0) || (SIZEOF (.vector_24) <= (_vector_spacing << 0x5))), function at exception vector 24 too large)

.vector_25      0x9d01f520        0x8
 *(.vector_25)
 .vector_25     0x9d01f520        0x8 /Applications/microchip/xc32/v1.42/bin/bin/../../lib/gcc/pic32mx/4.8.3/../../../../pic32mx/lib/libpic32.a(vector25.o)
                0x9d01f520                __vector_dispatch_25
                0x00000001                ASSERT (((_vector_spacing == 0x0) || (SIZEOF (.vector_25) <= (_vector_spacing << 0x5))), function at exception vector 25 too large)

.vector_26      0x9d01f540        0x8
 *(.vector_26)
 .vector_26     0x9d01f540        0x8 /Applications/microchip/xc32/v1.42/bin/bin/../../lib/gcc/pic32mx/4.8.3/../../../../pic32mx/lib/libpic32.a(vector26.o)
                0x9d01f540                __vector_dispatch_26
                0x00000001                ASSERT (((_vector_spacing == 0x0) || (SIZEOF (.vector_26) <= (_vector_spacing << 0x5))), function at exception vector 26 too large)

.vector_27      0x9d01f560        0x8
 *(.vector_27)
 .vector_27     0x9d01f560        0x8 /Applications/microchip/xc32/v1.42/bin/bin/../../lib/gcc/pic32mx/4.8.3/../../../../pic32mx/lib/libpic32.a(vector27.o)
                0x9d01f560                __vector_dispatch_27
                0x00000001                ASSERT (((_vector_spacing == 0x0) || (SIZEOF (.vector_27) <= (_vector_spacing << 0x5))), function at exception vector 27 too large)

.vector_28      0x9d01f580        0x8
 *(.vector_28)
 .vector_28     0x9d01f580        0x8 /Applications/microchip/xc32/v1.42/bin/bin/../../lib/gcc/pic32mx/4.8.3/../../../../pic32mx/lib/libpic32.a(vector28.o)
                0x9d01f580                __vector_dispatch_28
                0x00000001                ASSERT (((_vector_spacing == 0x0) || (SIZEOF (.vector_28) <= (_vector_spacing << 0x5))), function at exception vector 28 too large)

.vector_29      0x9d01f5a0        0x8
 *(.vector_29)
 .vector_29     0x9d01f5a0        0x8 /Applications/microchip/xc32/v1.42/bin/bin/../../lib/gcc/pic32mx/4.8.3/../../../../pic32mx/lib/libpic32.a(vector29.o)
                0x9d01f5a0                __vector_dispatch_29
                0x00000001                ASSERT (((_vector_spacing == 0x0) || (SIZEOF (.vector_29) <= (_vector_spacing << 0x5))), function at exception vector 29 too large)

.vector_30      0x9d01f5c0        0x8
 *(.vector_30)
 .vector_30     0x9d01f5c0        0x8 build/default/production/_ext/1688732426/system_interrupt.o
                0x9d01f5c0                __vector_dispatch_30
                0x00000001                ASSERT (((_vector_spacing == 0x0) || (SIZEOF (.vector_30) <= (_vector_spacing << 0x5))), function at exception vector 30 too large)

.vector_31      0x9d01f5e0        0x8
 *(.vector_31)
 .vector_31     0x9d01f5e0        0x8 /Applications/microchip/xc32/v1.42/bin/bin/../../lib/gcc/pic32mx/4.8.3/../../../../pic32mx/lib/libpic32.a(vector31.o)
                0x9d01f5e0                __vector_dispatch_31
                0x00000001                ASSERT (((_vector_spacing == 0x0) || (SIZEOF (.vector_31) <= (_vector_spacing << 0x5))), function at exception vector 31 too large)

.vector_32      0x9d01f600        0x8
 *(.vector_32)
 .vector_32     0x9d01f600        0x8 /Applications/microchip/xc32/v1.42/bin/bin/../../lib/gcc/pic32mx/4.8.3/../../../../pic32mx/lib/libpic32.a(vector32.o)
                0x9d01f600                __vector_dispatch_32
                0x00000001                ASSERT (((_vector_spacing == 0x0) || (SIZEOF (.vector_32) <= (_vector_spacing << 0x5))), function at exception vector 32 too large)

.vector_33      0x9d01f620        0x8
 *(.vector_33)
 .vector_33     0x9d01f620        0x8 /Applications/microchip/xc32/v1.42/bin/bin/../../lib/gcc/pic32mx/4.8.3/../../../../pic32mx/lib/libpic32.a(vector33.o)
                0x9d01f620                __vector_dispatch_33
                0x00000001                ASSERT (((_vector_spacing == 0x0) || (SIZEOF (.vector_33) <= (_vector_spacing << 0x5))), function at exception vector 33 too large)

.vector_34      0x9d01f640        0x8
 *(.vector_34)
 .vector_34     0x9d01f640        0x8 /Applications/microchip/xc32/v1.42/bin/bin/../../lib/gcc/pic32mx/4.8.3/../../../../pic32mx/lib/libpic32.a(vector34.o)
                0x9d01f640                __vector_dispatch_34
                0x00000001                ASSERT (((_vector_spacing == 0x0) || (SIZEOF (.vector_34) <= (_vector_spacing << 0x5))), function at exception vector 34 too large)

.vector_35      0x9d01f660        0x8
 *(.vector_35)
 .vector_35     0x9d01f660        0x8 /Applications/microchip/xc32/v1.42/bin/bin/../../lib/gcc/pic32mx/4.8.3/../../../../pic32mx/lib/libpic32.a(vector35.o)
                0x9d01f660                __vector_dispatch_35
                0x00000001                ASSERT (((_vector_spacing == 0x0) || (SIZEOF (.vector_35) <= (_vector_spacing << 0x5))), function at exception vector 35 too large)

.vector_36      0x9d01f680        0x8
 *(.vector_36)
 .vector_36     0x9d01f680        0x8 /Applications/microchip/xc32/v1.42/bin/bin/../../lib/gcc/pic32mx/4.8.3/../../../../pic32mx/lib/libpic32.a(vector36.o)
                0x9d01f680                __vector_dispatch_36
                0x00000001                ASSERT (((_vector_spacing == 0x0) || (SIZEOF (.vector_36) <= (_vector_spacing << 0x5))), function at exception vector 36 too large)

.vector_37      0x9d01f6a0        0x8
 *(.vector_37)
 .vector_37     0x9d01f6a0        0x8 /Applications/microchip/xc32/v1.42/bin/bin/../../lib/gcc/pic32mx/4.8.3/../../../../pic32mx/lib/libpic32.a(vector37.o)
                0x9d01f6a0                __vector_dispatch_37
                0x00000001                ASSERT (((_vector_spacing == 0x0) || (SIZEOF (.vector_37) <= (_vector_spacing << 0x5))), function at exception vector 37 too large)

.vector_38      0x9d01f6c0        0x8
 *(.vector_38)
 .vector_38     0x9d01f6c0        0x8 /Applications/microchip/xc32/v1.42/bin/bin/../../lib/gcc/pic32mx/4.8.3/../../../../pic32mx/lib/libpic32.a(vector38.o)
                0x9d01f6c0                __vector_dispatch_38
                0x00000001                ASSERT (((_vector_spacing == 0x0) || (SIZEOF (.vector_38) <= (_vector_spacing << 0x5))), function at exception vector 38 too large)

.vector_39      0x9d01f6e0        0x8
 *(.vector_39)
 .vector_39     0x9d01f6e0        0x8 /Applications/microchip/xc32/v1.42/bin/bin/../../lib/gcc/pic32mx/4.8.3/../../../../pic32mx/lib/libpic32.a(vector39.o)
                0x9d01f6e0                __vector_dispatch_39
                0x00000001                ASSERT (((_vector_spacing == 0x0) || (SIZEOF (.vector_39) <= (_vector_spacing << 0x5))), function at exception vector 39 too large)

.vector_40      0x9d01f700        0x8
 *(.vector_40)
 .vector_40     0x9d01f700        0x8 /Applications/microchip/xc32/v1.42/bin/bin/../../lib/gcc/pic32mx/4.8.3/../../../../pic32mx/lib/libpic32.a(vector40.o)
                0x9d01f700                __vector_dispatch_40
                0x00000001                ASSERT (((_vector_spacing == 0x0) || (SIZEOF (.vector_40) <= (_vector_spacing << 0x5))), function at exception vector 40 too large)

.vector_41      0x9d01f720        0x8
 *(.vector_41)
 .vector_41     0x9d01f720        0x8 /Applications/microchip/xc32/v1.42/bin/bin/../../lib/gcc/pic32mx/4.8.3/../../../../pic32mx/lib/libpic32.a(vector41.o)
                0x9d01f720                __vector_dispatch_41
                0x00000001                ASSERT (((_vector_spacing == 0x0) || (SIZEOF (.vector_41) <= (_vector_spacing << 0x5))), function at exception vector 41 too large)

.vector_42      0x9d01f740        0x8
 *(.vector_42)
 .vector_42     0x9d01f740        0x8 /Applications/microchip/xc32/v1.42/bin/bin/../../lib/gcc/pic32mx/4.8.3/../../../../pic32mx/lib/libpic32.a(vector42.o)
                0x9d01f740                __vector_dispatch_42
                0x00000001                ASSERT (((_vector_spacing == 0x0) || (SIZEOF (.vector_42) <= (_vector_spacing << 0x5))), function at exception vector 42 too large)

.vector_43      0x9d01f760        0x8
 *(.vector_43)
 .vector_43     0x9d01f760        0x8 /Applications/microchip/xc32/v1.42/bin/bin/../../lib/gcc/pic32mx/4.8.3/../../../../pic32mx/lib/libpic32.a(vector43.o)
                0x9d01f760                __vector_dispatch_43
                0x00000001                ASSERT (((_vector_spacing == 0x0) || (SIZEOF (.vector_43) <= (_vector_spacing << 0x5))), function at exception vector 43 too large)

.vector_44      0x9d01f780        0x0
 *(.vector_44)
                0x00000001                ASSERT (((_vector_spacing == 0x0) || (SIZEOF (.vector_44) <= (_vector_spacing << 0x5))), function at exception vector 44 too large)

.vector_45      0x9d01f7a0        0x0
 *(.vector_45)
                0x00000001                ASSERT (((_vector_spacing == 0x0) || (SIZEOF (.vector_45) <= (_vector_spacing << 0x5))), function at exception vector 45 too large)

.vector_46      0x9d01f7c0        0x0
 *(.vector_46)
                0x00000001                ASSERT (((_vector_spacing == 0x0) || (SIZEOF (.vector_46) <= (_vector_spacing << 0x5))), function at exception vector 46 too large)

.vector_47      0x9d01f7e0        0x0
 *(.vector_47)
                0x00000001                ASSERT (((_vector_spacing == 0x0) || (SIZEOF (.vector_47) <= (_vector_spacing << 0x5))), function at exception vector 47 too large)

.vector_48      0x9d01f800        0x0
 *(.vector_48)
                0x00000001                ASSERT (((_vector_spacing == 0x0) || (SIZEOF (.vector_48) <= (_vector_spacing << 0x5))), function at exception vector 48 too large)

.vector_49      0x9d01f820        0x0
 *(.vector_49)
                0x00000001                ASSERT (((_vector_spacing == 0x0) || (SIZEOF (.vector_49) <= (_vector_spacing << 0x5))), function at exception vector 49 too large)

.vector_50      0x9d01f840        0x0
 *(.vector_50)
                0x00000001                ASSERT (((_vector_spacing == 0x0) || (SIZEOF (.vector_50) <= (_vector_spacing << 0x5))), function at exception vector 50 too large)

.vector_51      0x9d01f860        0x0
 *(.vector_51)
                0x00000001                ASSERT (((_vector_spacing == 0x0) || (SIZEOF (.vector_51) <= (_vector_spacing << 0x5))), function at exception vector 51 too large)

.vector_52      0x9d01f880        0x0
 *(.vector_52)
                0x00000001                ASSERT (((_vector_spacing == 0x0) || (SIZEOF (.vector_52) <= (_vector_spacing << 0x5))), function at exception vector 52 too large)

.vector_53      0x9d01f8a0        0x0
 *(.vector_53)
                0x00000001                ASSERT (((_vector_spacing == 0x0) || (SIZEOF (.vector_53) <= (_vector_spacing << 0x5))), function at exception vector 53 too large)

.vector_54      0x9d01f8c0        0x0
 *(.vector_54)
                0x00000001                ASSERT (((_vector_spacing == 0x0) || (SIZEOF (.vector_54) <= (_vector_spacing << 0x5))), function at exception vector 54 too large)

.vector_55      0x9d01f8e0        0x0
 *(.vector_55)
                0x00000001                ASSERT (((_vector_spacing == 0x0) || (SIZEOF (.vector_55) <= (_vector_spacing << 0x5))), function at exception vector 55 too large)

.vector_56      0x9d01f900        0x0
 *(.vector_56)
                0x00000001                ASSERT (((_vector_spacing == 0x0) || (SIZEOF (.vector_56) <= (_vector_spacing << 0x5))), function at exception vector 56 too large)

.vector_57      0x9d01f920        0x0
 *(.vector_57)
                0x00000001                ASSERT (((_vector_spacing == 0x0) || (SIZEOF (.vector_57) <= (_vector_spacing << 0x5))), function at exception vector 57 too large)

.vector_58      0x9d01f940        0x0
 *(.vector_58)
                0x00000001                ASSERT (((_vector_spacing == 0x0) || (SIZEOF (.vector_58) <= (_vector_spacing << 0x5))), function at exception vector 58 too large)

.vector_59      0x9d01f960        0x0
 *(.vector_59)
                0x00000001                ASSERT (((_vector_spacing == 0x0) || (SIZEOF (.vector_59) <= (_vector_spacing << 0x5))), function at exception vector 59 too large)

.vector_60      0x9d01f980        0x0
 *(.vector_60)
                0x00000001                ASSERT (((_vector_spacing == 0x0) || (SIZEOF (.vector_60) <= (_vector_spacing << 0x5))), function at exception vector 60 too large)

.vector_61      0x9d01f9a0        0x0
 *(.vector_61)
                0x00000001                ASSERT (((_vector_spacing == 0x0) || (SIZEOF (.vector_61) <= (_vector_spacing << 0x5))), function at exception vector 61 too large)

.vector_62      0x9d01f9c0        0x0
 *(.vector_62)
                0x00000001                ASSERT (((_vector_spacing == 0x0) || (SIZEOF (.vector_62) <= (_vector_spacing << 0x5))), function at exception vector 62 too large)

.vector_63      0x9d01f9e0        0x0
 *(.vector_63)
                0x00000001                ASSERT (((_vector_spacing == 0x0) || (SIZEOF (.vector_63) <= (_vector_spacing << 0x5))), function at exception vector 63 too large)

.startup
 *(.startup)

.text           0x9d000000        0x0
 *(.stub .gnu.linkonce.t.*)
 *(.text.*personality*)
 *(.mips16.fn.*)
 *(.mips16.call.*)
 *(.gnu.warning)
                0x9d000000                . = ALIGN (0x4)

.init           0x9d000000        0x0
 *crti.o(.init)
 *crtbegin.o(.init)
 *(EXCLUDE_FILE(*crtn.o *crtend?.o *crtend.o) .init)
 *crtend.o(.init)
 *crtn.o(.init)
                0x9d000000                . = ALIGN (0x4)

.fini           0x9d000000        0x0
 *(.fini)
                0x9d000000                . = ALIGN (0x4)

.preinit_array  0x9d000000        0x0
                0x9d000000                PROVIDE (__preinit_array_start, .)
 *(.preinit_array)
                0x9d000000                PROVIDE (__preinit_array_end, .)
                0x9d000000                . = ALIGN (0x4)

.init_array     0x9d000000        0x0
                0x9d000000                PROVIDE (__init_array_start, .)
 *(SORT(.init_array.*))
 *(.init_array)
                0x9d000000                PROVIDE (__init_array_end, .)
                0x9d000000                . = ALIGN (0x4)

.fini_array     0x9d000000        0x0
                0x9d000000                PROVIDE (__fini_array_start, .)
 *(SORT(.fini_array.*))
 *(.fini_array)
                0x9d000000                PROVIDE (__fini_array_end, .)
                0x9d000000                . = ALIGN (0x4)

.ctors          0x9d000000        0x0
 *crtbegin.o(.ctors)
 *crtbegin?.o(.ctors)
 *(EXCLUDE_FILE(*crtend?.o *crtend.o) .ctors)
 *(SORT(.ctors.*))
 *(.ctors)
                0x9d000000                . = ALIGN (0x4)

.dtors          0x9d000000        0x0
 *crtbegin.o(.dtors)
 *crtbegin?.o(.dtors)
 *(EXCLUDE_FILE(*crtend?.o *crtend.o) .dtors)
 *(SORT(.dtors.*))
 *(.dtors)
                0x9d000000                . = ALIGN (0x4)

.rodata         0x9d000000        0x0
 *(.gnu.linkonce.r.*)
 *(.rodata1)
                0x9d000000                . = ALIGN (0x4)

.sdata2         0x9fc00490        0x0
 *(.sdata2 .sdata2.* .gnu.linkonce.s2.*)
                0x9fc00490                . = ALIGN (0x4)

.sbss2          0x9fc00490        0x0
 *(.sbss2 .sbss2.* .gnu.linkonce.sb2.*)
                0x9fc00490                . = ALIGN (0x4)

.eh_frame_hdr
 *(.eh_frame_hdr)
                0x9fc00490                . = ALIGN (0x4)

.eh_frame
 *(.eh_frame)
                0x9fc00490                . = ALIGN (0x4)

.gcc_except_table
 *(.gcc_except_table .gcc_except_table.*)
                0x9fc00490                . = ALIGN (0x4)

.dbg_data       0xa0000000        0x0
                0xa0000000                . = (. + DEFINED (_DEBUGGER)?0x200:0x0)

.jcr            0xa0000000        0x0
 *(.jcr)
                0xa0000000                . = ALIGN (0x4)

.eh_frame
 *(.eh_frame)
                0xa0000000                . = ALIGN (0x4)

.gcc_except_table
 *(.gcc_except_table .gcc_except_table.*)
                0xa0000000                . = ALIGN (0x4)

.persist        0xa0000000        0x0
                0xa0000000                _persist_begin = .
 *(.persist .persist.*)
 *(.pbss .pbss.*)
                0xa0000000                . = ALIGN (0x4)
                0xa0000000                _persist_end = .

.data           0xa0000000        0x0
 *(.gnu.linkonce.d.*)
 *(.data1)
                0xa0000000                . = ALIGN (0x4)
                0xa0000000                . = .
                0xa0007ff0                _gp = (ALIGN (0x10) + 0x7ff0)

.got            0xa0000000        0x0
 *(.got.plt)
 *(.got)
                0xa0000000                . = ALIGN (0x4)

.sdata          0xa0000000        0x4
                0xa0000000                _sdata_begin = .
 *(.sdata .sdata.* .gnu.linkonce.s.*)
 .sdata         0xa0000000        0x2 build/default/production/_ext/1360937237/ILI9163C.o
                0xa0000004                . = ALIGN (0x4)
 *fill*         0xa0000002        0x2 
                0xa0000004                _sdata_end = .

.lit8
 *(.lit8)

.lit4
 *(.lit4)
                0xa0000004                . = ALIGN (0x4)
                0xa0000004                _data_end = .
                0xa0000004                _bss_begin = .

.sbss           0xa0000004       0x24
                0xa0000004                _sbss_begin = .
 *(.dynsbss)
 *(.sbss .sbss.* .gnu.linkonce.sb.*)
 .sbss          0xa0000004        0xc build/default/production/_ext/1688732426/system_exceptions.o
 .sbss          0xa0000010        0x2 build/default/production/_ext/1360937237/app.o
 .sbss          0xa0000012        0x1 build/default/production/_ext/854522773/usb_device_hid.o
 *(.scommon)
 *fill*         0xa0000013        0x1 
 .scommon       0xa0000014        0x7 build/default/production/_ext/1360937237/app.o
                0xa0000014                mouseReportPrevious
                0xa0000018                mouseReport
 *fill*         0xa000001b        0x1 
 .scommon       0xa000001c        0x8 build/default/production/_ext/88147854/sys_devcon.o
                0xa000001c                sysDevconObj
 .scommon       0xa0000024        0x2 build/default/production/_ext/854522773/usb_device_hid.o
                0xa0000024                gUSBDeviceHidCommonDataObj
                0xa0000026                _sbss_end = .
                0xa0000028                . = ALIGN (0x4)
 *fill*         0xa0000026        0x2 

.bss            0xa0000200      0x18c
 *(.dynbss)
 *(COMMON)
 COMMON         0xa0000200       0x4c build/default/production/_ext/1688732426/system_init.o
                0xa0000200                endPointTable
                0xa0000240                sysObj
 COMMON         0xa000024c       0x38 build/default/production/_ext/1360937237/app.o
                0xa000024c                imuData
                0xa000025c                appData
 COMMON         0xa0000284       0x98 build/default/production/_ext/516138024/drv_usbfs.o
                0xa0000284                gDrvUSBGroup
 COMMON         0xa000031c       0x70 build/default/production/_ext/854522773/usb_device_hid.o
                0xa000031c                gUsbDeviceHidInstance
                0xa0000344                gUSBDeviceHIDIRP
                0xa000038c                . = ALIGN ((. != 0x0)?0x4:0x1)
                0xa000038c                . = ALIGN (0x4)
                0xa000038c                _end = .
                0xa000038c                _bss_end = .
                0x00008000                _bmxdudba_address = 0x8000
                0x00008000                _bmxdupba_address = 0x8000

/DISCARD/
 *(.pdr)
 *(.rel.dyn)
 *(.note.GNU-stack)
 *(.note.GNU-stack)
 *(.gnu_debuglink)
 *(.gnu.lto_*)
 *(.discard)

.gptab.sdata
 *(.gptab.data)
 *(.gptab.sdata)

.gptab.sbss
 *(.gptab.bss)
 *(.gptab.sbss)

.mdebug.abi32   0xa000038c        0x0
 *(.mdebug.abi32)
 .mdebug.abi32  0xa000038c        0x0 build/default/production/_ext/639803181/sys_clk_static.o
 .mdebug.abi32  0xa000038c        0x0 build/default/production/_ext/822048611/sys_ports_static.o
 .mdebug.abi32  0xa000038c        0x0 build/default/production/_ext/1688732426/system_init.o
 .mdebug.abi32  0xa000038c        0x0 build/default/production/_ext/1688732426/system_interrupt.o
 .mdebug.abi32  0xa000038c        0x0 build/default/production/_ext/1688732426/system_exceptions.o
 .mdebug.abi32  0xa000038c        0x0 build/default/production/_ext/1688732426/system_tasks.o
 .mdebug.abi32  0xa000038c        0x0 build/default/production/_ext/1360937237/app.o
 .mdebug.abi32  0xa000038c        0x0 build/default/production/_ext/1360937237/main.o
 .mdebug.abi32  0xa000038c        0x0 build/default/production/_ext/1360937237/mouse.o
 .mdebug.abi32  0xa000038c        0x0 build/default/production/_ext/1360937237/i2c_master_noint.o
 .mdebug.abi32  0xa000038c        0x0 build/default/production/_ext/1360937237/ILI9163C.o
 .mdebug.abi32  0xa000038c        0x0 build/default/production/_ext/516138024/drv_usbfs.o
 .mdebug.abi32  0xa000038c        0x0 build/default/production/_ext/516138024/drv_usbfs_device.o
 .mdebug.abi32  0xa000038c        0x0 build/default/production/_ext/88147854/sys_devcon.o
 .mdebug.abi32  0xa000038c        0x0 build/default/production/_ext/88147854/sys_devcon_pic32mx.o
 .mdebug.abi32  0xa000038c        0x0 build/default/production/_ext/938333736/sys_int_pic32.o
 .mdebug.abi32  0xa000038c        0x0 build/default/production/_ext/854522773/usb_device.o
 .mdebug.abi32  0xa000038c        0x0 build/default/production/_ext/854522773/usb_device_hid.o
 .mdebug.abi32  0xa000038c        0x0 /Applications/microchip/xc32/v1.42/bin/bin/../../lib/gcc/pic32mx/4.8.3/libgcc.a(floatunsisf.o)
 .mdebug.abi32  0xa000038c        0x0 /Applications/microchip/xc32/v1.42/bin/bin/../../lib/gcc/pic32mx/4.8.3/../../../../pic32mx/lib/libpic32.a(default-bootstrap-exception-handler.o)
 .mdebug.abi32  0xa000038c        0x0 /Applications/microchip/xc32/v1.42/bin/bin/../../lib/gcc/pic32mx/4.8.3/../../../../pic32mx/lib/libpic32.a(default-on-reset.o)
 .mdebug.abi32  0xa000038c        0x0 /Applications/microchip/xc32/v1.42/bin/bin/../../lib/gcc/pic32mx/4.8.3/../../../../pic32mx/lib/libpic32.a(default-on-bootstrap.o)
 .mdebug.abi32  0xa000038c        0x0 /Applications/microchip/xc32/v1.42/bin/bin/../../lib/gcc/pic32mx/4.8.3/../../../../pic32mx/lib/libpic32.a(defaultinterrupt.o)

.mdebug.abiN32
 *(.mdebug.abiN32)

.mdebug.abi64
 *(.mdebug.abi64)

.mdebug.abiO64
 *(.mdebug.abiO64)

.mdebug.eabi32
 *(.mdebug.eabi32)

.mdebug.eabi64
 *(.mdebug.eabi64)

.gcc_compiled_long32
 *(.gcc_compiled_long32)

.gcc_compiled_long64
 *(.gcc_compiled_long64)

.stab
 *(.stab)

.stabstr
 *(.stabstr)

.stab.excl
 *(.stab.excl)

.stab.exclstr
 *(.stab.exclstr)

.stab.index
 *(.stab.index)

.stab.indexstr
 *(.stab.indexstr)

.comment        0x00000000       0x54
 *(.comment)
 .comment       0x00000000       0x3c build/default/production/_ext/639803181/sys_clk_static.o
                                 0x3d (size before relaxing)
 .comment       0x00000000       0x3d build/default/production/_ext/822048611/sys_ports_static.o
 .comment       0x00000000       0x3d build/default/production/_ext/1688732426/system_init.o
 .comment       0x00000000       0x3d build/default/production/_ext/1688732426/system_interrupt.o
 .comment       0x00000000       0x3d build/default/production/_ext/1688732426/system_exceptions.o
 .comment       0x00000000       0x3d build/default/production/_ext/1688732426/system_tasks.o
 .comment       0x00000000       0x3d build/default/production/_ext/1360937237/app.o
 .comment       0x00000000       0x3d build/default/production/_ext/1360937237/main.o
 .comment       0x00000000       0x3d build/default/production/_ext/1360937237/mouse.o
 .comment       0x00000000       0x3d build/default/production/_ext/1360937237/i2c_master_noint.o
 .comment       0x00000000       0x3d build/default/production/_ext/1360937237/ILI9163C.o
 .comment       0x00000000       0x3d build/default/production/_ext/516138024/drv_usbfs.o
 .comment       0x00000000       0x3d build/default/production/_ext/516138024/drv_usbfs_device.o
 .comment       0x00000000       0x3d build/default/production/_ext/88147854/sys_devcon.o
 .comment       0x00000000       0x3d build/default/production/_ext/88147854/sys_devcon_pic32mx.o
 .comment       0x00000000       0x3d build/default/production/_ext/938333736/sys_int_pic32.o
 .comment       0x00000000       0x3d build/default/production/_ext/854522773/usb_device.o
 .comment       0x00000000       0x3d build/default/production/_ext/854522773/usb_device_hid.o
 .comment       0x00000000       0x3d /Applications/microchip/xc32/v1.42/bin/bin/../../lib/gcc/pic32mx/4.8.3/libgcc.a(floatunsisf.o)
 .comment       0x0000003c       0x18 /Applications/microchip/xc32/v1.42/bin/bin/../../lib/gcc/pic32mx/4.8.3/../../../../pic32mx/lib/libpic32.a(memcmp.o)
                                 0x19 (size before relaxing)
 .comment       0x00000000       0x3d /Applications/microchip/xc32/v1.42/bin/bin/../../lib/gcc/pic32mx/4.8.3/../../../../pic32mx/lib/libpic32.a(default-bootstrap-exception-handler.o)
 .comment       0x00000000       0x3d /Applications/microchip/xc32/v1.42/bin/bin/../../lib/gcc/pic32mx/4.8.3/../../../../pic32mx/lib/libpic32.a(default-on-reset.o)
 .comment       0x00000000       0x3d /Applications/microchip/xc32/v1.42/bin/bin/../../lib/gcc/pic32mx/4.8.3/../../../../pic32mx/lib/libpic32.a(default-on-bootstrap.o)
 .comment       0x00000000       0x3d /Applications/microchip/xc32/v1.42/bin/bin/../../lib/gcc/pic32mx/4.8.3/../../../../pic32mx/lib/libpic32.a(defaultinterrupt.o)

.debug
 *(.debug)

.line
 *(.line)

.debug_srcinfo
 *(.debug_srcinfo)

.debug_sfnames
 *(.debug_sfnames)

.debug_aranges  0x00000000      0x7b8
 *(.debug_aranges)
 .debug_aranges
                0x00000000       0x50 build/default/production/_ext/639803181/sys_clk_static.o
 .debug_aranges
                0x00000050      0x108 build/default/production/_ext/822048611/sys_ports_static.o
 .debug_aranges
                0x00000158       0x20 build/default/production/_ext/1688732426/system_init.o
 .debug_aranges
                0x00000178       0x20 build/default/production/_ext/1688732426/system_interrupt.o
 .debug_aranges
                0x00000198       0x20 build/default/production/_ext/1688732426/system_exceptions.o
 .debug_aranges
                0x000001b8       0x20 build/default/production/_ext/1688732426/system_tasks.o
 .debug_aranges
                0x000001d8       0x38 build/default/production/_ext/1360937237/app.o
 .debug_aranges
                0x00000210       0x20 build/default/production/_ext/1360937237/main.o
 .debug_aranges
                0x00000230       0x20 build/default/production/_ext/1360937237/mouse.o
 .debug_aranges
                0x00000250       0x78 build/default/production/_ext/1360937237/i2c_master_noint.o
 .debug_aranges
                0x000002c8       0x88 build/default/production/_ext/1360937237/ILI9163C.o
 .debug_aranges
                0x00000350       0x70 build/default/production/_ext/516138024/drv_usbfs.o
 .debug_aranges
                0x000003c0       0xc0 build/default/production/_ext/516138024/drv_usbfs_device.o
 .debug_aranges
                0x00000480       0x78 build/default/production/_ext/88147854/sys_devcon.o
 .debug_aranges
                0x000004f8       0x20 build/default/production/_ext/88147854/sys_devcon_pic32mx.o
 .debug_aranges
                0x00000518       0x48 build/default/production/_ext/938333736/sys_int_pic32.o
 .debug_aranges
                0x00000560      0x150 build/default/production/_ext/854522773/usb_device.o
 .debug_aranges
                0x000006b0       0x68 build/default/production/_ext/854522773/usb_device_hid.o
 .debug_aranges
                0x00000718       0x20 /Applications/microchip/xc32/v1.42/bin/bin/../../lib/gcc/pic32mx/4.8.3/libgcc.a(floatunsisf.o)
 .debug_aranges
                0x00000738       0x20 /Applications/microchip/xc32/v1.42/bin/bin/../../lib/gcc/pic32mx/4.8.3/../../../../pic32mx/lib/libpic32.a(default-bootstrap-exception-handler.o)
 .debug_aranges
                0x00000758       0x20 /Applications/microchip/xc32/v1.42/bin/bin/../../lib/gcc/pic32mx/4.8.3/../../../../pic32mx/lib/libpic32.a(default-on-reset.o)
 .debug_aranges
                0x00000778       0x20 /Applications/microchip/xc32/v1.42/bin/bin/../../lib/gcc/pic32mx/4.8.3/../../../../pic32mx/lib/libpic32.a(default-on-bootstrap.o)
 .debug_aranges
                0x00000798       0x20 /Applications/microchip/xc32/v1.42/bin/bin/../../lib/gcc/pic32mx/4.8.3/../../../../pic32mx/lib/libpic32.a(defaultinterrupt.o)

.debug_pubnames
 *(.debug_pubnames)

.debug_info     0x00000000    0x28849
 *(.debug_info .gnu.linkonce.wi.*)
 .debug_info    0x00000000     0x1938 build/default/production/_ext/639803181/sys_clk_static.o
 .debug_info    0x00001938     0x3ff2 build/default/production/_ext/822048611/sys_ports_static.o
 .debug_info    0x0000592a     0x4605 build/default/production/_ext/1688732426/system_init.o
 .debug_info    0x00009f2f      0xa6d build/default/production/_ext/1688732426/system_interrupt.o
 .debug_info    0x0000a99c     0x1328 build/default/production/_ext/1688732426/system_exceptions.o
 .debug_info    0x0000bcc4      0xaca build/default/production/_ext/1688732426/system_tasks.o
 .debug_info    0x0000c78e     0x3ad6 build/default/production/_ext/1360937237/app.o
 .debug_info    0x00010264      0x1a6 build/default/production/_ext/1360937237/main.o
 .debug_info    0x0001040a      0x32a build/default/production/_ext/1360937237/mouse.o
 .debug_info    0x00010734      0xae1 build/default/production/_ext/1360937237/i2c_master_noint.o
 .debug_info    0x00011215     0x16b0 build/default/production/_ext/1360937237/ILI9163C.o
 .debug_info    0x000128c5     0x35f9 build/default/production/_ext/516138024/drv_usbfs.o
 .debug_info    0x00015ebe     0x65be build/default/production/_ext/516138024/drv_usbfs_device.o
 .debug_info    0x0001c47c      0xf4a build/default/production/_ext/88147854/sys_devcon.o
 .debug_info    0x0001d3c6      0x75a build/default/production/_ext/88147854/sys_devcon_pic32mx.o
 .debug_info    0x0001db20     0x129e build/default/production/_ext/938333736/sys_int_pic32.o
 .debug_info    0x0001edbe     0x52df build/default/production/_ext/854522773/usb_device.o
 .debug_info    0x0002409d     0x42f7 build/default/production/_ext/854522773/usb_device_hid.o
 .debug_info    0x00028394      0x131 /Applications/microchip/xc32/v1.42/bin/bin/../../lib/gcc/pic32mx/4.8.3/libgcc.a(floatunsisf.o)
 .debug_info    0x000284c5       0xf5 /Applications/microchip/xc32/v1.42/bin/bin/../../lib/gcc/pic32mx/4.8.3/../../../../pic32mx/lib/libpic32.a(default-bootstrap-exception-handler.o)
 .debug_info    0x000285ba       0xcf /Applications/microchip/xc32/v1.42/bin/bin/../../lib/gcc/pic32mx/4.8.3/../../../../pic32mx/lib/libpic32.a(default-on-reset.o)
 .debug_info    0x00028689       0xd7 /Applications/microchip/xc32/v1.42/bin/bin/../../lib/gcc/pic32mx/4.8.3/../../../../pic32mx/lib/libpic32.a(default-on-bootstrap.o)
 .debug_info    0x00028760       0xe9 /Applications/microchip/xc32/v1.42/bin/bin/../../lib/gcc/pic32mx/4.8.3/../../../../pic32mx/lib/libpic32.a(defaultinterrupt.o)

.debug_abbrev   0x00000000     0x2a1f
 *(.debug_abbrev)
 .debug_abbrev  0x00000000      0x27b build/default/production/_ext/639803181/sys_clk_static.o
 .debug_abbrev  0x0000027b      0x241 build/default/production/_ext/822048611/sys_ports_static.o
 .debug_abbrev  0x000004bc      0x363 build/default/production/_ext/1688732426/system_init.o
 .debug_abbrev  0x0000081f       0xb0 build/default/production/_ext/1688732426/system_interrupt.o
 .debug_abbrev  0x000008cf       0xb6 build/default/production/_ext/1688732426/system_exceptions.o
 .debug_abbrev  0x00000985       0xc3 build/default/production/_ext/1688732426/system_tasks.o
 .debug_abbrev  0x00000a48      0x31b build/default/production/_ext/1360937237/app.o
 .debug_abbrev  0x00000d63       0x93 build/default/production/_ext/1360937237/main.o
 .debug_abbrev  0x00000df6       0xcb build/default/production/_ext/1360937237/mouse.o
 .debug_abbrev  0x00000ec1      0x1e3 build/default/production/_ext/1360937237/i2c_master_noint.o
 .debug_abbrev  0x000010a4      0x1d9 build/default/production/_ext/1360937237/ILI9163C.o
 .debug_abbrev  0x0000127d      0x436 build/default/production/_ext/516138024/drv_usbfs.o
 .debug_abbrev  0x000016b3      0x46b build/default/production/_ext/516138024/drv_usbfs_device.o
 .debug_abbrev  0x00001b1e      0x285 build/default/production/_ext/88147854/sys_devcon.o
 .debug_abbrev  0x00001da3      0x162 build/default/production/_ext/88147854/sys_devcon_pic32mx.o
 .debug_abbrev  0x00001f05      0x1d0 build/default/production/_ext/938333736/sys_int_pic32.o
 .debug_abbrev  0x000020d5      0x40c build/default/production/_ext/854522773/usb_device.o
 .debug_abbrev  0x000024e1      0x43c build/default/production/_ext/854522773/usb_device_hid.o
 .debug_abbrev  0x0000291d       0x62 /Applications/microchip/xc32/v1.42/bin/bin/../../lib/gcc/pic32mx/4.8.3/libgcc.a(floatunsisf.o)
 .debug_abbrev  0x0000297f       0x28 /Applications/microchip/xc32/v1.42/bin/bin/../../lib/gcc/pic32mx/4.8.3/../../../../pic32mx/lib/libpic32.a(default-bootstrap-exception-handler.o)
 .debug_abbrev  0x000029a7       0x28 /Applications/microchip/xc32/v1.42/bin/bin/../../lib/gcc/pic32mx/4.8.3/../../../../pic32mx/lib/libpic32.a(default-on-reset.o)
 .debug_abbrev  0x000029cf       0x28 /Applications/microchip/xc32/v1.42/bin/bin/../../lib/gcc/pic32mx/4.8.3/../../../../pic32mx/lib/libpic32.a(default-on-bootstrap.o)
 .debug_abbrev  0x000029f7       0x28 /Applications/microchip/xc32/v1.42/bin/bin/../../lib/gcc/pic32mx/4.8.3/../../../../pic32mx/lib/libpic32.a(defaultinterrupt.o)

.debug_line     0x00000000     0x5eb9
 *(.debug_line)
 .debug_line    0x00000000      0x49d build/default/production/_ext/639803181/sys_clk_static.o
 .debug_line    0x0000049d      0x933 build/default/production/_ext/822048611/sys_ports_static.o
 .debug_line    0x00000dd0      0x747 build/default/production/_ext/1688732426/system_init.o
 .debug_line    0x00001517      0x1ef build/default/production/_ext/1688732426/system_interrupt.o
 .debug_line    0x00001706      0x1d3 build/default/production/_ext/1688732426/system_exceptions.o
 .debug_line    0x000018d9      0x2c6 build/default/production/_ext/1688732426/system_tasks.o
 .debug_line    0x00001b9f      0x3fb build/default/production/_ext/1360937237/app.o
 .debug_line    0x00001f9a       0xc8 build/default/production/_ext/1360937237/main.o
 .debug_line    0x00002062      0x11c build/default/production/_ext/1360937237/mouse.o
 .debug_line    0x0000217e      0x1ce build/default/production/_ext/1360937237/i2c_master_noint.o
 .debug_line    0x0000234c      0x311 build/default/production/_ext/1360937237/ILI9163C.o
 .debug_line    0x0000265d      0x918 build/default/production/_ext/516138024/drv_usbfs.o
 .debug_line    0x00002f75      0xf81 build/default/production/_ext/516138024/drv_usbfs_device.o
 .debug_line    0x00003ef6      0x618 build/default/production/_ext/88147854/sys_devcon.o
 .debug_line    0x0000450e      0x3cf build/default/production/_ext/88147854/sys_devcon_pic32mx.o
 .debug_line    0x000048dd      0x3c8 build/default/production/_ext/938333736/sys_int_pic32.o
 .debug_line    0x00004ca5      0x926 build/default/production/_ext/854522773/usb_device.o
 .debug_line    0x000055cb      0x5d1 build/default/production/_ext/854522773/usb_device_hid.o
 .debug_line    0x00005b9c       0x9c /Applications/microchip/xc32/v1.42/bin/bin/../../lib/gcc/pic32mx/4.8.3/libgcc.a(floatunsisf.o)
 .debug_line    0x00005c38       0xa9 /Applications/microchip/xc32/v1.42/bin/bin/../../lib/gcc/pic32mx/4.8.3/../../../../pic32mx/lib/libpic32.a(default-bootstrap-exception-handler.o)
 .debug_line    0x00005ce1       0x96 /Applications/microchip/xc32/v1.42/bin/bin/../../lib/gcc/pic32mx/4.8.3/../../../../pic32mx/lib/libpic32.a(default-on-reset.o)
 .debug_line    0x00005d77       0x9a /Applications/microchip/xc32/v1.42/bin/bin/../../lib/gcc/pic32mx/4.8.3/../../../../pic32mx/lib/libpic32.a(default-on-bootstrap.o)
 .debug_line    0x00005e11       0xa8 /Applications/microchip/xc32/v1.42/bin/bin/../../lib/gcc/pic32mx/4.8.3/../../../../pic32mx/lib/libpic32.a(defaultinterrupt.o)

.debug_frame    0x00000000     0x10fc
 *(.debug_frame)
 .debug_frame   0x00000000       0xa0 build/default/production/_ext/639803181/sys_clk_static.o
 .debug_frame   0x000000a0      0x1f0 build/default/production/_ext/822048611/sys_ports_static.o
 .debug_frame   0x00000290       0x28 build/default/production/_ext/1688732426/system_init.o
 .debug_frame   0x000002b8       0x64 build/default/production/_ext/1688732426/system_interrupt.o
 .debug_frame   0x0000031c       0x28 build/default/production/_ext/1688732426/system_exceptions.o
 .debug_frame   0x00000344       0x28 build/default/production/_ext/1688732426/system_tasks.o
 .debug_frame   0x0000036c       0x7c build/default/production/_ext/1360937237/app.o
 .debug_frame   0x000003e8       0x28 build/default/production/_ext/1360937237/main.o
 .debug_frame   0x00000410       0x20 build/default/production/_ext/1360937237/mouse.o
 .debug_frame   0x00000430      0x114 build/default/production/_ext/1360937237/i2c_master_noint.o
 .debug_frame   0x00000544      0x1b0 build/default/production/_ext/1360937237/ILI9163C.o
 .debug_frame   0x000006f4       0xe8 build/default/production/_ext/516138024/drv_usbfs.o
 .debug_frame   0x000007dc      0x1f4 build/default/production/_ext/516138024/drv_usbfs_device.o
 .debug_frame   0x000009d0       0xe8 build/default/production/_ext/88147854/sys_devcon.o
 .debug_frame   0x00000ab8       0x28 build/default/production/_ext/88147854/sys_devcon_pic32mx.o
 .debug_frame   0x00000ae0       0x90 build/default/production/_ext/938333736/sys_int_pic32.o
 .debug_frame   0x00000b70      0x3d8 build/default/production/_ext/854522773/usb_device.o
 .debug_frame   0x00000f48      0x100 build/default/production/_ext/854522773/usb_device_hid.o
 .debug_frame   0x00001048       0x28 /Applications/microchip/xc32/v1.42/bin/bin/../../lib/gcc/pic32mx/4.8.3/libgcc.a(floatunsisf.o)
 .debug_frame   0x00001070       0x2c /Applications/microchip/xc32/v1.42/bin/bin/../../lib/gcc/pic32mx/4.8.3/../../../../pic32mx/lib/libpic32.a(default-bootstrap-exception-handler.o)
 .debug_frame   0x0000109c       0x20 /Applications/microchip/xc32/v1.42/bin/bin/../../lib/gcc/pic32mx/4.8.3/../../../../pic32mx/lib/libpic32.a(default-on-reset.o)
 .debug_frame   0x000010bc       0x20 /Applications/microchip/xc32/v1.42/bin/bin/../../lib/gcc/pic32mx/4.8.3/../../../../pic32mx/lib/libpic32.a(default-on-bootstrap.o)
 .debug_frame   0x000010dc       0x20 /Applications/microchip/xc32/v1.42/bin/bin/../../lib/gcc/pic32mx/4.8.3/../../../../pic32mx/lib/libpic32.a(defaultinterrupt.o)

.debug_str      0x00000000      0x8ef
 *(.debug_str)
 .debug_str     0x00000000       0x46 build/default/production/_ext/639803181/sys_clk_static.o
 .debug_str     0x00000046       0xa1 build/default/production/_ext/822048611/sys_ports_static.o
 .debug_str     0x000000e7      0x119 build/default/production/_ext/1688732426/system_init.o
 .debug_str     0x00000200        0x0 build/default/production/_ext/1688732426/system_interrupt.o
 .debug_str     0x00000200        0x0 build/default/production/_ext/1688732426/system_exceptions.o
 .debug_str     0x00000200        0x0 build/default/production/_ext/1688732426/system_tasks.o
 .debug_str     0x00000200       0xa5 build/default/production/_ext/1360937237/app.o
 .debug_str     0x000002a5        0x0 build/default/production/_ext/1360937237/main.o
 .debug_str     0x000002a5        0x0 build/default/production/_ext/1360937237/mouse.o
 .debug_str     0x000002a5        0x0 build/default/production/_ext/1360937237/i2c_master_noint.o
 .debug_str     0x000002a5        0x6 build/default/production/_ext/1360937237/ILI9163C.o
 .debug_str     0x000002ab       0xa2 build/default/production/_ext/516138024/drv_usbfs.o
 .debug_str     0x0000034d      0x179 build/default/production/_ext/516138024/drv_usbfs_device.o
 .debug_str     0x000004c6       0x16 build/default/production/_ext/88147854/sys_devcon.o
 .debug_str     0x000004dc        0x6 build/default/production/_ext/88147854/sys_devcon_pic32mx.o
 .debug_str     0x000004e2       0x2d build/default/production/_ext/938333736/sys_int_pic32.o
 .debug_str     0x0000050f      0x29f build/default/production/_ext/854522773/usb_device.o
 .debug_str     0x000007ae      0x141 build/default/production/_ext/854522773/usb_device_hid.o
 .debug_str     0x000008ef        0x0 /Applications/microchip/xc32/v1.42/bin/bin/../../lib/gcc/pic32mx/4.8.3/libgcc.a(floatunsisf.o)
 .debug_str     0x000008ef        0x0 /Applications/microchip/xc32/v1.42/bin/bin/../../lib/gcc/pic32mx/4.8.3/../../../../pic32mx/lib/libpic32.a(default-bootstrap-exception-handler.o)
 .debug_str     0x000008ef        0x0 /Applications/microchip/xc32/v1.42/bin/bin/../../lib/gcc/pic32mx/4.8.3/../../../../pic32mx/lib/libpic32.a(default-on-reset.o)
 .debug_str     0x000008ef        0x0 /Applications/microchip/xc32/v1.42/bin/bin/../../lib/gcc/pic32mx/4.8.3/../../../../pic32mx/lib/libpic32.a(default-on-bootstrap.o)
 .debug_str     0x000008ef        0x0 /Applications/microchip/xc32/v1.42/bin/bin/../../lib/gcc/pic32mx/4.8.3/../../../../pic32mx/lib/libpic32.a(defaultinterrupt.o)

.debug_loc      0x00000000     0x7b1d
 *(.debug_loc)
 .debug_loc     0x00000000       0x49 build/default/production/_ext/639803181/sys_clk_static.o
 .debug_loc     0x00000049      0xe83 build/default/production/_ext/822048611/sys_ports_static.o
 .debug_loc     0x00000ecc       0x21 build/default/production/_ext/1688732426/system_init.o
 .debug_loc     0x00000eed      0x2d7 build/default/production/_ext/1360937237/app.o
 .debug_loc     0x000011c4       0x2c build/default/production/_ext/1360937237/mouse.o
 .debug_loc     0x000011f0      0x337 build/default/production/_ext/1360937237/i2c_master_noint.o
 .debug_loc     0x00001527      0xacc build/default/production/_ext/1360937237/ILI9163C.o
 .debug_loc     0x00001ff3      0x624 build/default/production/_ext/516138024/drv_usbfs.o
 .debug_loc     0x00002617     0x2ada build/default/production/_ext/516138024/drv_usbfs_device.o
 .debug_loc     0x000050f1       0xf0 build/default/production/_ext/88147854/sys_devcon.o
 .debug_loc     0x000051e1       0x91 build/default/production/_ext/88147854/sys_devcon_pic32mx.o
 .debug_loc     0x00005272       0x8d build/default/production/_ext/938333736/sys_int_pic32.o
 .debug_loc     0x000052ff     0x1af3 build/default/production/_ext/854522773/usb_device.o
 .debug_loc     0x00006df2      0xcb7 build/default/production/_ext/854522773/usb_device_hid.o
 .debug_loc     0x00007aa9       0x74 /Applications/microchip/xc32/v1.42/bin/bin/../../lib/gcc/pic32mx/4.8.3/libgcc.a(floatunsisf.o)

.debug_macinfo
 *(.debug_macinfo)

.debug_weaknames
 *(.debug_weaknames)

.debug_funcnames
 *(.debug_funcnames)

.debug_typenames
 *(.debug_typenames)

.debug_varnames
 *(.debug_varnames)

.debug_pubtypes
 *(.debug_pubtypes)

.debug_ranges   0x00000000      0x7b8
 *(.debug_ranges)
 .debug_ranges  0x00000000       0x40 build/default/production/_ext/639803181/sys_clk_static.o
 .debug_ranges  0x00000040       0xf8 build/default/production/_ext/822048611/sys_ports_static.o
 .debug_ranges  0x00000138       0x10 build/default/production/_ext/1688732426/system_init.o
 .debug_ranges  0x00000148       0x10 build/default/production/_ext/1688732426/system_interrupt.o
 .debug_ranges  0x00000158       0x10 build/default/production/_ext/1688732426/system_exceptions.o
 .debug_ranges  0x00000168       0x10 build/default/production/_ext/1688732426/system_tasks.o
 .debug_ranges  0x00000178       0x28 build/default/production/_ext/1360937237/app.o
 .debug_ranges  0x000001a0       0x10 build/default/production/_ext/1360937237/main.o
 .debug_ranges  0x000001b0       0x10 build/default/production/_ext/1360937237/mouse.o
 .debug_ranges  0x000001c0       0x68 build/default/production/_ext/1360937237/i2c_master_noint.o
 .debug_ranges  0x00000228       0x78 build/default/production/_ext/1360937237/ILI9163C.o
 .debug_ranges  0x000002a0       0x78 build/default/production/_ext/516138024/drv_usbfs.o
 .debug_ranges  0x00000318      0x200 build/default/production/_ext/516138024/drv_usbfs_device.o
 .debug_ranges  0x00000518       0x68 build/default/production/_ext/88147854/sys_devcon.o
 .debug_ranges  0x00000580       0x10 build/default/production/_ext/88147854/sys_devcon_pic32mx.o
 .debug_ranges  0x00000590       0x50 build/default/production/_ext/938333736/sys_int_pic32.o
 .debug_ranges  0x000005e0      0x140 build/default/production/_ext/854522773/usb_device.o
 .debug_ranges  0x00000720       0x58 build/default/production/_ext/854522773/usb_device_hid.o
 .debug_ranges  0x00000778       0x10 /Applications/microchip/xc32/v1.42/bin/bin/../../lib/gcc/pic32mx/4.8.3/../../../../pic32mx/lib/libpic32.a(default-bootstrap-exception-handler.o)
 .debug_ranges  0x00000788       0x10 /Applications/microchip/xc32/v1.42/bin/bin/../../lib/gcc/pic32mx/4.8.3/../../../../pic32mx/lib/libpic32.a(default-on-reset.o)
 .debug_ranges  0x00000798       0x10 /Applications/microchip/xc32/v1.42/bin/bin/../../lib/gcc/pic32mx/4.8.3/../../../../pic32mx/lib/libpic32.a(default-on-bootstrap.o)
 .debug_ranges  0x000007a8       0x10 /Applications/microchip/xc32/v1.42/bin/bin/../../lib/gcc/pic32mx/4.8.3/../../../../pic32mx/lib/libpic32.a(defaultinterrupt.o)

.gnu.attributes
                0x00000000       0x10
 *(.gnu.attributes)
 .gnu.attributes
                0x00000000       0x10 build/default/production/_ext/639803181/sys_clk_static.o
 .gnu.attributes
                0x00000010       0x10 build/default/production/_ext/822048611/sys_ports_static.o
 .gnu.attributes
                0x00000020       0x10 build/default/production/_ext/1688732426/system_init.o
 .gnu.attributes
                0x00000030       0x10 build/default/production/_ext/1688732426/system_interrupt.o
 .gnu.attributes
                0x00000040       0x10 build/default/production/_ext/1688732426/system_exceptions.o
 .gnu.attributes
                0x00000050       0x10 build/default/production/_ext/1688732426/system_tasks.o
 .gnu.attributes
                0x00000060       0x10 build/default/production/_ext/1360937237/app.o
 .gnu.attributes
                0x00000070       0x10 build/default/production/_ext/1360937237/main.o
 .gnu.attributes
                0x00000080       0x10 build/default/production/_ext/1360937237/mouse.o
 .gnu.attributes
                0x00000090       0x10 build/default/production/_ext/1360937237/i2c_master_noint.o
 .gnu.attributes
                0x000000a0       0x10 build/default/production/_ext/1360937237/ILI9163C.o
 .gnu.attributes
                0x000000b0       0x10 build/default/production/_ext/516138024/drv_usbfs.o
 .gnu.attributes
                0x000000c0       0x10 build/default/production/_ext/516138024/drv_usbfs_device.o
 .gnu.attributes
                0x000000d0       0x10 build/default/production/_ext/88147854/sys_devcon.o
 .gnu.attributes
                0x000000e0       0x10 build/default/production/_ext/88147854/sys_devcon_pic32mx.o
 .gnu.attributes
                0x000000f0       0x10 build/default/production/_ext/938333736/sys_int_pic32.o
 .gnu.attributes
                0x00000100       0x10 build/default/production/_ext/854522773/usb_device.o
 .gnu.attributes
                0x00000110       0x10 build/default/production/_ext/854522773/usb_device_hid.o
 .gnu.attributes
                0x00000120       0x10 /Applications/microchip/xc32/v1.42/bin/bin/../../lib/gcc/pic32mx/4.8.3/libgcc.a(floatunsisf.o)
 .gnu.attributes
                0x00000130       0x10 /Applications/microchip/xc32/v1.42/bin/bin/../../lib/gcc/pic32mx/4.8.3/../../../../pic32mx/lib/libpic32.a(default-bootstrap-exception-handler.o)
 .gnu.attributes
                0x00000140       0x10 /Applications/microchip/xc32/v1.42/bin/bin/../../lib/gcc/pic32mx/4.8.3/../../../../pic32mx/lib/libpic32.a(default-on-reset.o)
 .gnu.attributes
                0x00000150       0x10 /Applications/microchip/xc32/v1.42/bin/bin/../../lib/gcc/pic32mx/4.8.3/../../../../pic32mx/lib/libpic32.a(default-on-bootstrap.o)
 .gnu.attributes
                0x00000160       0x10 /Applications/microchip/xc32/v1.42/bin/bin/../../lib/gcc/pic32mx/4.8.3/../../../../pic32mx/lib/libpic32.a(defaultinterrupt.o)
LOAD /Applications/microchip/xc32/v1.42/bin/bin/../../lib/gcc/pic32mx/4.8.3/libgcc.a
START GROUP
LOAD /Applications/microchip/xc32/v1.42/bin/bin/../../lib/gcc/pic32mx/4.8.3/../../../../pic32mx/lib/libpic32.a
LOAD /Applications/microchip/xc32/v1.42/bin/bin/../../lib/gcc/pic32mx/4.8.3/../../../../pic32mx/lib/libdebug.a
LOAD /Applications/microchip/xc32/v1.42/bin/bin/../../lib/gcc/pic32mx/4.8.3/../../../../pic32mx/lib/libpic32.a
LOAD /Applications/microchip/xc32/v1.42/bin/bin/../../lib/gcc/pic32mx/4.8.3/../../../../pic32mx/lib/libm.a
LOAD /Applications/microchip/xc32/v1.42/bin/bin/../../lib/gcc/pic32mx/4.8.3/../../../../pic32mx/lib/libe.a
LOAD /Applications/microchip/xc32/v1.42/bin/bin/../../lib/gcc/pic32mx/4.8.3/../../../../pic32mx/lib/libdsp.a
LOAD /Applications/microchip/xc32/v1.42/bin/bin/../../lib/gcc/pic32mx/4.8.3/libgcc.a
LOAD /Applications/microchip/xc32/v1.42/bin/bin/../../lib/gcc/pic32mx/4.8.3/../../../../pic32mx/lib/libc.a
LOAD /Applications/microchip/xc32/v1.42/bin/bin/../../lib/gcc/pic32mx/4.8.3/../../../../pic32mx/lib/libc.a
LOAD /Applications/microchip/xc32/v1.42/bin/bin/../../lib/gcc/pic32mx/4.8.3/../../../../pic32mx/lib/libpic32.a
END GROUP
LOAD /Applications/microchip/xc32/v1.42/bin/bin/../../lib/gcc/pic32mx/4.8.3/libgcc.a
OUTPUT(dist/default/production/HID.X.production.elf elf32-tradlittlemips)
LOAD stack
LOAD data_init

.reginfo        0x00000000       0x18
 .reginfo       0x00000000       0x18 /Applications/microchip/xc32/v1.42/bin/bin/../../lib/gcc/pic32mx/4.8.3/../../../../pic32mx/lib/./proc/32MX250F128B/crt0_mips32r2.o

.stack          0xa00003a8      0x400
 .stack         0xa00003a8      0x400 stack

.bss            0xa0000028       0xb8
 .bss           0xa0000028       0xb8 build/default/production/_ext/854522773/usb_device.o

.data           0xa00000e0       0x50
 .data          0xa00000e0       0x50 build/default/production/_ext/516138024/drv_usbfs_device.o
                0xa00000e0                gDrvUSBFSDeviceInterface

._debug_exception
                0xbfc00480       0x2c
 ._debug_exception
                0xbfc00480       0x2c /Applications/microchip/xc32/v1.42/bin/bin/../../lib/gcc/pic32mx/4.8.3/../../../../pic32mx/lib/debug-exception-return.o
                0xbfc00480                __DbgExecReturn

.text._DRV_USBFS_DEVICE_Tasks_ISR
                0x9d000000      0x7e0
 .text._DRV_USBFS_DEVICE_Tasks_ISR
                0x9d000000      0x7e0 build/default/production/_ext/516138024/drv_usbfs_device.o
                0x9d000000                _DRV_USBFS_DEVICE_Tasks_ISR

.text._USB_DEVICE_HID_ControlTransferHandler
                0x9d0007e0      0x300
 .text._USB_DEVICE_HID_ControlTransferHandler
                0x9d0007e0      0x300 build/default/production/_ext/854522773/usb_device_hid.o
                0x9d0007e0                _USB_DEVICE_HID_ControlTransferHandler

.text.APP_Tasks
                0x9d000ae0      0x2a0
 .text.APP_Tasks
                0x9d000ae0      0x2a0 build/default/production/_ext/1360937237/app.o
                0x9d000ae0                APP_Tasks

.text._USB_DEVICE_ProcessStandardDeviceGetRequests
                0x9d000d80      0x268
 .text._USB_DEVICE_ProcessStandardDeviceGetRequests
                0x9d000d80      0x268 build/default/production/_ext/854522773/usb_device.o
                0x9d000d80                _USB_DEVICE_ProcessStandardDeviceGetRequests

.text.DRV_USBFS_DEVICE_IRPSubmit
                0x9d000fe8      0x21c
 .text.DRV_USBFS_DEVICE_IRPSubmit
                0x9d000fe8      0x21c build/default/production/_ext/516138024/drv_usbfs_device.o
                0x9d000fe8                DRV_USBFS_DEVICE_IRPSubmit

.text._USB_DEVICE_EventHandler
                0x9d001204      0x214
 .text._USB_DEVICE_EventHandler
                0x9d001204      0x214 build/default/production/_ext/854522773/usb_device.o
                0x9d001204                _USB_DEVICE_EventHandler

.text._USB_DEVICE_ProcessStandardDeviceSetRequests
                0x9d001418      0x214
 .text._USB_DEVICE_ProcessStandardDeviceSetRequests
                0x9d001418      0x214 build/default/production/_ext/854522773/usb_device.o
                0x9d001418                _USB_DEVICE_ProcessStandardDeviceSetRequests

.text.DRV_USBFS_DEVICE_EndpointEnable
                0x9d00162c      0x208
 .text.DRV_USBFS_DEVICE_EndpointEnable
                0x9d00162c      0x208 build/default/production/_ext/516138024/drv_usbfs_device.o
                0x9d00162c                DRV_USBFS_DEVICE_EndpointEnable

.text._USB_DEVICE_ControlTransferHandler
                0x9d001834      0x204
 .text._USB_DEVICE_ControlTransferHandler
                0x9d001834      0x204 build/default/production/_ext/854522773/usb_device.o
                0x9d001834                _USB_DEVICE_ControlTransferHandler

.text.DRV_USBFS_Initialize
                0x9d001a38      0x1d8
 .text.DRV_USBFS_Initialize
                0x9d001a38      0x1d8 build/default/production/_ext/516138024/drv_usbfs.o
                0x9d001a38                DRV_USBFS_Initialize

.text.DRV_USBFS_DEVICE_EndpointStallClear
                0x9d001c10      0x1b8
 .text.DRV_USBFS_DEVICE_EndpointStallClear
                0x9d001c10      0x1b8 build/default/production/_ext/516138024/drv_usbfs_device.o
                0x9d001c10                DRV_USBFS_DEVICE_EndpointStallClear

.text.DRV_USBFS_DEVICE_EndpointStall
                0x9d001dc8      0x1ac
 .text.DRV_USBFS_DEVICE_EndpointStall
                0x9d001dc8      0x1ac build/default/production/_ext/516138024/drv_usbfs_device.o
                0x9d001dc8                DRV_USBFS_DEVICE_EndpointStall

.rodata         0x9d001f74      0x190
 .rodata        0x9d001f74      0x190 build/default/production/_ext/1688732426/system_init.o
                0x9d001f74                usbDevInitData
                0x9d001fa8                usbMasterDescriptor
                0x9d001fd4                stringDescriptors
                0x9d001fe0                sd002
                0x9d002000                sd001
                0x9d002034                sd000
                0x9d002038                fullSpeedConfigDescSet
                0x9d00203c                fullSpeedConfigurationDescriptor
                0x9d002068                deviceDescriptor
                0x9d00207c                funcRegistrationTable
                0x9d002090                hidInit0
                0x9d0020a0                hid_rpt0
                0x9d0020d4                sysDevconInit
                0x9d0020d8                drvUSBInit

.text.DRV_USBFS_DEVICE_EndpointDisable
                0x9d002104      0x184
 .text.DRV_USBFS_DEVICE_EndpointDisable
                0x9d002104      0x184 build/default/production/_ext/516138024/drv_usbfs_device.o
                0x9d002104                DRV_USBFS_DEVICE_EndpointDisable

.text._USB_DEVICE_Ep0ReceiveCompleteCallback
                0x9d002288      0x184
 .text._USB_DEVICE_Ep0ReceiveCompleteCallback
                0x9d002288      0x184 build/default/production/_ext/854522773/usb_device.o
                0x9d002288                _USB_DEVICE_Ep0ReceiveCompleteCallback

.text.USB_DEVICE_HID_ReportSend
                0x9d00240c      0x17c
 .text.USB_DEVICE_HID_ReportSend
                0x9d00240c      0x17c build/default/production/_ext/854522773/usb_device_hid.o
                0x9d00240c                USB_DEVICE_HID_ReportSend

.text.USB_DEVICE_Tasks
                0x9d002588      0x170
 .text.USB_DEVICE_Tasks
                0x9d002588      0x170 build/default/production/_ext/854522773/usb_device.o
                0x9d002588                USB_DEVICE_Tasks

.text           0x9d0026f8      0x168
 .text          0x9d0026f8      0x168 /Applications/microchip/xc32/v1.42/bin/bin/../../lib/gcc/pic32mx/4.8.3/../../../../pic32mx/lib/libpic32.a(memcpy.o)
                0x9d0026f8                memcpy

.text.USB_DEVICE_Initialize
                0x9d002860      0x158
 .text.USB_DEVICE_Initialize
                0x9d002860      0x158 build/default/production/_ext/854522773/usb_device.o
                0x9d002860                USB_DEVICE_Initialize

.text._USB_DEVICE_HID_InitializeByDescriptorType
                0x9d0029b8      0x14c
 .text._USB_DEVICE_HID_InitializeByDescriptorType
                0x9d0029b8      0x14c build/default/production/_ext/854522773/usb_device_hid.o
                0x9d0029b8                _USB_DEVICE_HID_InitializeByDescriptorType

.text.DRV_USBFS_DEVICE_IRPCancel
                0x9d002b04      0x140
 .text.DRV_USBFS_DEVICE_IRPCancel
                0x9d002b04      0x140 build/default/production/_ext/516138024/drv_usbfs_device.o
                0x9d002b04                DRV_USBFS_DEVICE_IRPCancel

.text.DRV_USBFS_DEVICE_IRPCancelAll
                0x9d002c44      0x13c
 .text.DRV_USBFS_DEVICE_IRPCancelAll
                0x9d002c44      0x13c build/default/production/_ext/516138024/drv_usbfs_device.o
                0x9d002c44                DRV_USBFS_DEVICE_IRPCancelAll

.text._IntHandlerUSBInstance0
                0x9d002d80      0x134
 .text._IntHandlerUSBInstance0
                0x9d002d80      0x134 build/default/production/_ext/1688732426/system_interrupt.o
                0x9d002d80                _IntHandlerUSBInstance0

.rodata         0x9d002eb4      0x128
 .rodata        0x9d002eb4      0x128 build/default/production/_ext/1688732426/system_exceptions.o

.text.APP_USBDeviceEventHandler
                0x9d002fdc      0x10c
 .text.APP_USBDeviceEventHandler
                0x9d002fdc      0x10c build/default/production/_ext/1360937237/app.o
                0x9d002fdc                APP_USBDeviceEventHandler

.text._USB_DEVICE_ConfigureDevice
                0x9d0030e8      0x100
 .text._USB_DEVICE_ConfigureDevice
                0x9d0030e8      0x100 build/default/production/_ext/854522773/usb_device.o
                0x9d0030e8                _USB_DEVICE_ConfigureDevice

.text._USB_DEVICE_ProcessStandardEndpointRequest
                0x9d0031e8      0x100
 .text._USB_DEVICE_ProcessStandardEndpointRequest
                0x9d0031e8      0x100 build/default/production/_ext/854522773/usb_device.o
                0x9d0031e8                _USB_DEVICE_ProcessStandardEndpointRequest

.text.general_exception
                0x9d0032e8       0xdc
 .text.general_exception
                0x9d0032e8       0xdc /Applications/microchip/xc32/v1.42/bin/bin/../../lib/gcc/pic32mx/4.8.3/../../../../pic32mx/lib/libpic32.a(general-exception.o)
                0x9d0032e8                _general_exception_context

.text._DRV_USBFS_DEVICE_EndpointBDTEntryArm
                0x9d0033c4       0xd8
 .text._DRV_USBFS_DEVICE_EndpointBDTEntryArm
                0x9d0033c4       0xd8 build/default/production/_ext/516138024/drv_usbfs_device.o
                0x9d0033c4                _DRV_USBFS_DEVICE_EndpointBDTEntryArm

.text._USB_DEVICE_GetStringDescriptorRequestProcess
                0x9d00349c       0xd4
 .text._USB_DEVICE_GetStringDescriptorRequestProcess
                0x9d00349c       0xd4 build/default/production/_ext/854522773/usb_device.o
                0x9d00349c                _USB_DEVICE_GetStringDescriptorRequestProcess

.text.APP_USBDeviceHIDEventHandler
                0x9d003570       0xd0
 .text.APP_USBDeviceHIDEventHandler
                0x9d003570       0xd0 build/default/production/_ext/1360937237/app.o
                0x9d003570                APP_USBDeviceHIDEventHandler

.dinit          0x9d003640       0xd0
 .dinit         0x9d003640       0xd0 data_init

.text.SYS_Initialize
                0x9d003710       0xcc
 .text.SYS_Initialize
                0x9d003710       0xcc build/default/production/_ext/1688732426/system_init.o
                0x9d003710                SYS_Initialize

.text.I2C_read_multiple
                0x9d0037dc       0xc4
 .text.I2C_read_multiple
                0x9d0037dc       0xc4 build/default/production/_ext/1360937237/i2c_master_noint.o
                0x9d0037dc                I2C_read_multiple

.text._USB_DEVICE_HID_DeInitialize
                0x9d0038a0       0xbc
 .text._USB_DEVICE_HID_DeInitialize
                0x9d0038a0       0xbc build/default/production/_ext/854522773/usb_device_hid.o
                0x9d0038a0                _USB_DEVICE_HID_DeInitialize

.text._USB_DEVICE_Ep0TransmitCompleteCallback
                0x9d00395c       0xb0
 .text._USB_DEVICE_Ep0TransmitCompleteCallback
                0x9d00395c       0xb0 build/default/production/_ext/854522773/usb_device.o
                0x9d00395c                _USB_DEVICE_Ep0TransmitCompleteCallback

.text._USB_DEVICE_HID_ReportSendCallBack
                0x9d003a0c       0xb0
 .text._USB_DEVICE_HID_ReportSendCallBack
                0x9d003a0c       0xb0 build/default/production/_ext/854522773/usb_device_hid.o
                0x9d003a0c                _USB_DEVICE_HID_ReportSendCallBack

.text.IMU_multiRead
                0x9d003abc       0xac
 .text.IMU_multiRead
                0x9d003abc       0xac build/default/production/_ext/1360937237/i2c_master_noint.o
                0x9d003abc                IMU_multiRead

.text._USB_DEVICE_DeInitializeAllFunctionDrivers
                0x9d003b68       0xa8
 .text._USB_DEVICE_DeInitializeAllFunctionDrivers
                0x9d003b68       0xa8 build/default/production/_ext/854522773/usb_device.o
                0x9d003b68                _USB_DEVICE_DeInitializeAllFunctionDrivers

.text._USB_DEVICE_ForwardControlXfrToFunction
                0x9d003c10       0xa0
 .text._USB_DEVICE_ForwardControlXfrToFunction
                0x9d003c10       0xa0 build/default/production/_ext/854522773/usb_device.o
                0x9d003c10                _USB_DEVICE_ForwardControlXfrToFunction

.text           0x9d003cb0       0x98
 .text          0x9d003cb0       0x98 /Applications/microchip/xc32/v1.42/bin/bin/../../lib/gcc/pic32mx/4.8.3/../../../../pic32mx/lib/libpic32.a(memcmp.o)
                0x9d003cb0                memcmp

.text._USB_DEVICE_GetFunctionDriverEntryByInterface
                0x9d003d48       0x88
 .text._USB_DEVICE_GetFunctionDriverEntryByInterface
                0x9d003d48       0x88 build/default/production/_ext/854522773/usb_device.o
                0x9d003d48                _USB_DEVICE_GetFunctionDriverEntryByInterface

.text._USB_DEVICE_FindEndpoint
                0x9d003dd0       0x88
 .text._USB_DEVICE_FindEndpoint
                0x9d003dd0       0x88 build/default/production/_ext/854522773/usb_device.o
                0x9d003dd0                _USB_DEVICE_FindEndpoint

.text.DRV_USBFS_Tasks_ISR
                0x9d003e58       0x84
 .text.DRV_USBFS_Tasks_ISR
                0x9d003e58       0x84 build/default/production/_ext/516138024/drv_usbfs.o
                0x9d003e58                DRV_USBFS_Tasks_ISR

.text.DRV_USBFS_DEVICE_Attach
                0x9d003edc       0x84
 .text.DRV_USBFS_DEVICE_Attach
                0x9d003edc       0x84 build/default/production/_ext/516138024/drv_usbfs_device.o
                0x9d003edc                DRV_USBFS_DEVICE_Attach

.text.USB_DEVICE_ControlSend
                0x9d003f60       0x84
 .text.USB_DEVICE_ControlSend
                0x9d003f60       0x84 build/default/production/_ext/854522773/usb_device.o
                0x9d003f60                USB_DEVICE_ControlSend

.text.USB_DEVICE_ControlStatus
                0x9d003fe4       0x7c
 .text.USB_DEVICE_ControlStatus
                0x9d003fe4       0x7c build/default/production/_ext/854522773/usb_device.o
                0x9d003fe4                USB_DEVICE_ControlStatus

.text.DRV_USBFS_ClientEventCallBackSet
                0x9d004060       0x78
 .text.DRV_USBFS_ClientEventCallBackSet
                0x9d004060       0x78 build/default/production/_ext/516138024/drv_usbfs.o
                0x9d004060                DRV_USBFS_ClientEventCallBackSet

.text.i2c_master_setup
                0x9d0040d8       0x74
 .text.i2c_master_setup
                0x9d0040d8       0x74 build/default/production/_ext/1360937237/i2c_master_noint.o
                0x9d0040d8                i2c_master_setup

.text.SYS_CLK_Initialize
                0x9d00414c       0x70
 .text.SYS_CLK_Initialize
                0x9d00414c       0x70 build/default/production/_ext/639803181/sys_clk_static.o
                0x9d00414c                SYS_CLK_Initialize

.text.SYS_PORTS_Initialize
                0x9d0041bc       0x70
 .text.SYS_PORTS_Initialize
                0x9d0041bc       0x70 build/default/production/_ext/822048611/sys_ports_static.o
                0x9d0041bc                SYS_PORTS_Initialize

.text.DRV_USBFS_DEVICE_Detach
                0x9d00422c       0x6c
 .text.DRV_USBFS_DEVICE_Detach
                0x9d00422c       0x6c build/default/production/_ext/516138024/drv_usbfs_device.o
                0x9d00422c                DRV_USBFS_DEVICE_Detach

.text._DRV_USBFS_DEVICE_IRPQueueFlush
                0x9d004298       0x68
 .text._DRV_USBFS_DEVICE_IRPQueueFlush
                0x9d004298       0x68 build/default/production/_ext/516138024/drv_usbfs_device.o
                0x9d004298                _DRV_USBFS_DEVICE_IRPQueueFlush

.text.SYS_DEVCON_PerformanceConfig
                0x9d004300       0x60
 .text.SYS_DEVCON_PerformanceConfig
                0x9d004300       0x60 build/default/production/_ext/88147854/sys_devcon_pic32mx.o
                0x9d004300                SYS_DEVCON_PerformanceConfig

.text.SYS_DEVCON_SystemUnlock
                0x9d004360       0x58
 .text.SYS_DEVCON_SystemUnlock
                0x9d004360       0x58 build/default/production/_ext/88147854/sys_devcon.o
                0x9d004360                SYS_DEVCON_SystemUnlock

.text.SYS_INT_SourceDisable
                0x9d0043b8       0x58
 .text.SYS_INT_SourceDisable
                0x9d0043b8       0x58 build/default/production/_ext/938333736/sys_int_pic32.o
                0x9d0043b8                SYS_INT_SourceDisable

.text.USB_DEVICE_EventHandlerSet
                0x9d004410       0x58
 .text.USB_DEVICE_EventHandlerSet
                0x9d004410       0x58 build/default/production/_ext/854522773/usb_device.o
                0x9d004410                USB_DEVICE_EventHandlerSet

.text.main_entry
                0x9d004468       0x54
 .text.main_entry
                0x9d004468       0x54 /Applications/microchip/xc32/v1.42/bin/bin/../../lib/gcc/pic32mx/4.8.3/../../../../pic32mx/lib/./proc/32MX250F128B/crt0_mips32r2.o
                0x9d00449c                __crt0_exit

.text.DRV_USBFS_Open
                0x9d0044bc       0x54
 .text.DRV_USBFS_Open
                0x9d0044bc       0x54 build/default/production/_ext/516138024/drv_usbfs.o
                0x9d0044bc                DRV_USBFS_Open

.text.I2C_write
                0x9d004510       0x50
 .text.I2C_write
                0x9d004510       0x50 build/default/production/_ext/1360937237/i2c_master_noint.o
                0x9d004510                I2C_write

.text.USB_DEVICE_Open
                0x9d004560       0x50
 .text.USB_DEVICE_Open
                0x9d004560       0x50 build/default/production/_ext/854522773/usb_device.o
                0x9d004560                USB_DEVICE_Open

.text.DRV_USBFS_DEVICE_SOFNumberGet
                0x9d0045b0       0x4c
 .text.DRV_USBFS_DEVICE_SOFNumberGet
                0x9d0045b0       0x4c build/default/production/_ext/516138024/drv_usbfs_device.o
                0x9d0045b0                DRV_USBFS_DEVICE_SOFNumberGet

.text._USB_DEVICE_RedirectControlXfrToClient
                0x9d0045fc       0x4c
 .text._USB_DEVICE_RedirectControlXfrToClient
                0x9d0045fc       0x4c build/default/production/_ext/854522773/usb_device.o
                0x9d0045fc                _USB_DEVICE_RedirectControlXfrToClient

.text.USB_DEVICE_HID_EventHandlerSet
                0x9d004648       0x4c
 .text.USB_DEVICE_HID_EventHandlerSet
                0x9d004648       0x4c build/default/production/_ext/854522773/usb_device_hid.o
                0x9d004648                USB_DEVICE_HID_EventHandlerSet

.text.SYS_DEVCON_SystemLock
                0x9d004694       0x48
 .text.SYS_DEVCON_SystemLock
                0x9d004694       0x48 build/default/production/_ext/88147854/sys_devcon.o
                0x9d004694                SYS_DEVCON_SystemLock

.text._bootstrap_exception_handler
                0x9d0046dc       0x48
 .text._bootstrap_exception_handler
                0x9d0046dc       0x48 /Applications/microchip/xc32/v1.42/bin/bin/../../lib/gcc/pic32mx/4.8.3/../../../../pic32mx/lib/libpic32.a(default-bootstrap-exception-handler.o)
                0x9d0046dc                _bootstrap_exception_handler

.vector_default
                0x9d004724       0x48
 .vector_default
                0x9d004724       0x48 /Applications/microchip/xc32/v1.42/bin/bin/../../lib/gcc/pic32mx/4.8.3/../../../../pic32mx/lib/libpic32.a(defaultinterrupt.o)
                0x9d004724                _DefaultInterrupt

.text.SYS_Tasks
                0x9d00476c       0x44
 .text.SYS_Tasks
                0x9d00476c       0x44 build/default/production/_ext/1688732426/system_tasks.o
                0x9d00476c                SYS_Tasks

.text.DRV_USBFS_DEVICE_EndpointIsEnabled
                0x9d0047b0       0x44
 .text.DRV_USBFS_DEVICE_EndpointIsEnabled
                0x9d0047b0       0x44 build/default/production/_ext/516138024/drv_usbfs_device.o
                0x9d0047b0                DRV_USBFS_DEVICE_EndpointIsEnabled

.text.DRV_USBFS_DEVICE_EndpointIsStalled
                0x9d0047f4       0x44
 .text.DRV_USBFS_DEVICE_EndpointIsStalled
                0x9d0047f4       0x44 build/default/production/_ext/516138024/drv_usbfs_device.o
                0x9d0047f4                DRV_USBFS_DEVICE_EndpointIsStalled

.text           0x9d004838       0x44
 .text          0x9d004838       0x44 /Applications/microchip/xc32/v1.42/bin/bin/../../lib/gcc/pic32mx/4.8.3/../../../../pic32mx/lib/pic32_software_reset.o
                0x9d004838                __pic32_software_reset

.text._general_exception_handler
                0x9d00487c       0x40
 .text._general_exception_handler
                0x9d00487c       0x40 build/default/production/_ext/1688732426/system_exceptions.o
                0x9d00487c                _general_exception_handler

.text.i2c_master_ack
                0x9d0048bc       0x3c
 .text.i2c_master_ack
                0x9d0048bc       0x3c build/default/production/_ext/1360937237/i2c_master_noint.o
                0x9d0048bc                i2c_master_ack

.text._DRV_USBFS_DEVICE_Initialize
                0x9d0048f8       0x3c
 .text._DRV_USBFS_DEVICE_Initialize
                0x9d0048f8       0x3c build/default/production/_ext/516138024/drv_usbfs_device.o
                0x9d0048f8                _DRV_USBFS_DEVICE_Initialize

.text.APP_Initialize
                0x9d004934       0x38
 .text.APP_Initialize
                0x9d004934       0x38 build/default/production/_ext/1360937237/app.o
                0x9d004934                APP_Initialize

.text.DRV_USBFS_DEVICE_AddressSet
                0x9d00496c       0x38
 .text.DRV_USBFS_DEVICE_AddressSet
                0x9d00496c       0x38 build/default/production/_ext/516138024/drv_usbfs_device.o
                0x9d00496c                DRV_USBFS_DEVICE_AddressSet

.text.i2c_master_recv
                0x9d0049a4       0x34
 .text.i2c_master_recv
                0x9d0049a4       0x34 build/default/production/_ext/1360937237/i2c_master_noint.o
                0x9d0049a4                i2c_master_recv

.text.i2c_master_start
                0x9d0049d8       0x30
 .text.i2c_master_start
                0x9d0049d8       0x30 build/default/production/_ext/1360937237/i2c_master_noint.o
                0x9d0049d8                i2c_master_start

.text.i2c_master_restart
                0x9d004a08       0x30
 .text.i2c_master_restart
                0x9d004a08       0x30 build/default/production/_ext/1360937237/i2c_master_noint.o
                0x9d004a08                i2c_master_restart

.text.i2c_master_stop
                0x9d004a38       0x30
 .text.i2c_master_stop
                0x9d004a38       0x30 build/default/production/_ext/1360937237/i2c_master_noint.o
                0x9d004a38                i2c_master_stop

.text.i2c_master_send
                0x9d004a68       0x2c
 .text.i2c_master_send
                0x9d004a68       0x2c build/default/production/_ext/1360937237/i2c_master_noint.o
                0x9d004a68                i2c_master_send

.text.DRV_USBFS_DEVICE_RemoteWakeupStart
                0x9d004a94       0x2c
 .text.DRV_USBFS_DEVICE_RemoteWakeupStart
                0x9d004a94       0x2c build/default/production/_ext/516138024/drv_usbfs_device.o
                0x9d004a94                DRV_USBFS_DEVICE_RemoteWakeupStart

.text.DRV_USBFS_DEVICE_RemoteWakeupStop
                0x9d004ac0       0x2c
 .text.DRV_USBFS_DEVICE_RemoteWakeupStop
                0x9d004ac0       0x2c build/default/production/_ext/516138024/drv_usbfs_device.o
                0x9d004ac0                DRV_USBFS_DEVICE_RemoteWakeupStop

.text.DRV_USBFS_Close
                0x9d004aec       0x28
 .text.DRV_USBFS_Close
                0x9d004aec       0x28 build/default/production/_ext/516138024/drv_usbfs.o
                0x9d004aec                DRV_USBFS_Close

.text._USB_DEVICE_ClientHandleValidate
                0x9d004b14       0x28
 .text._USB_DEVICE_ClientHandleValidate
                0x9d004b14       0x28 build/default/production/_ext/854522773/usb_device.o
                0x9d004b14                _USB_DEVICE_ClientHandleValidate

.text.MOUSE_ReportCreate
                0x9d004b3c       0x24
 .text.MOUSE_ReportCreate
                0x9d004b3c       0x24 build/default/production/_ext/1360937237/mouse.o
                0x9d004b3c                MOUSE_ReportCreate

.text.main      0x9d004b60       0x20
 .text.main     0x9d004b60       0x20 build/default/production/_ext/1360937237/main.o
                0x9d004b60                main

.text._USB_DEVICE_HID_GlobalInitialize
                0x9d004b80       0x20
 .text._USB_DEVICE_HID_GlobalInitialize
                0x9d004b80       0x20 build/default/production/_ext/854522773/usb_device_hid.o
                0x9d004b80                _USB_DEVICE_HID_GlobalInitialize

.text.SYS_INT_Initialize
                0x9d004ba0       0x18
 .text.SYS_INT_Initialize
                0x9d004ba0       0x18 build/default/production/_ext/938333736/sys_int_pic32.o
                0x9d004ba0                SYS_INT_Initialize

.text           0x9d004bb8       0x18
 .text          0x9d004bb8       0x18 /Applications/microchip/xc32/v1.42/bin/bin/../../lib/gcc/pic32mx/4.8.3/../../../../pic32mx/lib/libpic32.a(default-nmi-handler.o)
                0x9d004bb8                _nmi_handler

.text.SYS_DEVCON_Initialize
                0x9d004bd0       0x14
 .text.SYS_DEVCON_Initialize
                0x9d004bd0       0x14 build/default/production/_ext/88147854/sys_devcon.o
                0x9d004bd0                SYS_DEVCON_Initialize

.rodata         0x9d004be4       0x14
 .rodata        0x9d004be4       0x14 build/default/production/_ext/854522773/usb_device_hid.o
                0x9d004be4                hidFuncDriver

.text.DRV_USBFS_DEVICE_CurrentSpeedGet
                0x9d004bf8       0x10
 .text.DRV_USBFS_DEVICE_CurrentSpeedGet
                0x9d004bf8       0x10 build/default/production/_ext/516138024/drv_usbfs_device.o
                0x9d004bf8                DRV_USBFS_DEVICE_CurrentSpeedGet

.text.SYS_CLK_SystemFrequencyGet
                0x9d004c08        0xc
 .text.SYS_CLK_SystemFrequencyGet
                0x9d004c08        0xc build/default/production/_ext/639803181/sys_clk_static.o
                0x9d004c08                SYS_CLK_SystemFrequencyGet

.text.DRV_USBFS_Tasks
                0x9d004c14        0x8
 .text.DRV_USBFS_Tasks
                0x9d004c14        0x8 build/default/production/_ext/516138024/drv_usbfs.o
                0x9d004c14                DRV_USBFS_Tasks

.text.SYS_DEVCON_Tasks
                0x9d004c1c        0x8
 .text.SYS_DEVCON_Tasks
                0x9d004c1c        0x8 build/default/production/_ext/88147854/sys_devcon.o
                0x9d004c1c                SYS_DEVCON_Tasks

.text._on_reset
                0x9d004c24        0x8
 .text._on_reset
                0x9d004c24        0x8 /Applications/microchip/xc32/v1.42/bin/bin/../../lib/gcc/pic32mx/4.8.3/../../../../pic32mx/lib/libpic32.a(default-on-reset.o)
                0x9d004c24                _on_reset

.text._on_bootstrap
                0x9d004c2c        0x8
 .text._on_bootstrap
                0x9d004c2c        0x8 /Applications/microchip/xc32/v1.42/bin/bin/../../lib/gcc/pic32mx/4.8.3/../../../../pic32mx/lib/libpic32.a(default-on-bootstrap.o)
                0x9d004c2c                _on_bootstrap